Component: ARM Compiler 5.06 update 6 (build 750) Tool: armlink [4d35ed]

==============================================================================

Section Cross References

    startup_stm32f103xb.o(STACK) refers (Special) to heapauxi.o(.text) for __use_two_region_memory
    startup_stm32f103xb.o(HEAP) refers (Special) to heapauxi.o(.text) for __use_two_region_memory
    startup_stm32f103xb.o(RESET) refers (Special) to heapauxi.o(.text) for __use_two_region_memory
    startup_stm32f103xb.o(RESET) refers to startup_stm32f103xb.o(STACK) for __initial_sp
    startup_stm32f103xb.o(RESET) refers to startup_stm32f103xb.o(.text) for Reset_Handler
    startup_stm32f103xb.o(RESET) refers to stm32f1xx_it.o(i.NMI_Handler) for NMI_Handler
    startup_stm32f103xb.o(RESET) refers to stm32f1xx_it.o(i.HardFault_Handler) for HardFault_Handler
    startup_stm32f103xb.o(RESET) refers to stm32f1xx_it.o(i.MemManage_Handler) for MemManage_Handler
    startup_stm32f103xb.o(RESET) refers to stm32f1xx_it.o(i.BusFault_Handler) for BusFault_Handler
    startup_stm32f103xb.o(RESET) refers to stm32f1xx_it.o(i.UsageFault_Handler) for UsageFault_Handler
    startup_stm32f103xb.o(RESET) refers to stm32f1xx_it.o(i.SVC_Handler) for SVC_Handler
    startup_stm32f103xb.o(RESET) refers to stm32f1xx_it.o(i.DebugMon_Handler) for DebugMon_Handler
    startup_stm32f103xb.o(RESET) refers to stm32f1xx_it.o(i.PendSV_Handler) for PendSV_Handler
    startup_stm32f103xb.o(RESET) refers to stm32f1xx_it.o(i.SysTick_Handler) for SysTick_Handler
    startup_stm32f103xb.o(RESET) refers to stm32f1xx_it.o(i.TIM1_UP_IRQHandler) for TIM1_UP_IRQHandler
    startup_stm32f103xb.o(.text) refers (Special) to heapauxi.o(.text) for __use_two_region_memory
    startup_stm32f103xb.o(.text) refers to system_stm32f1xx.o(i.SystemInit) for SystemInit
    startup_stm32f103xb.o(.text) refers to __main.o(!!!main) for __main
    startup_stm32f103xb.o(.text) refers to startup_stm32f103xb.o(HEAP) for Heap_Mem
    startup_stm32f103xb.o(.text) refers to startup_stm32f103xb.o(STACK) for Stack_Mem
    main.o(i.MX_ADC1_Init) refers to stm32f1xx_hal_adc.o(i.HAL_ADC_Init) for HAL_ADC_Init
    main.o(i.MX_ADC1_Init) refers to stm32f1xx_hal_adc.o(i.HAL_ADC_ConfigChannel) for HAL_ADC_ConfigChannel
    main.o(i.MX_ADC1_Init) refers to main.o(.bss) for .bss
    main.o(i.MX_ADC2_Init) refers to stm32f1xx_hal_adc.o(i.HAL_ADC_Init) for HAL_ADC_Init
    main.o(i.MX_ADC2_Init) refers to stm32f1xx_hal_adc.o(i.HAL_ADC_ConfigChannel) for HAL_ADC_ConfigChannel
    main.o(i.MX_ADC2_Init) refers to main.o(.bss) for .bss
    main.o(i.MX_GPIO_Init) refers to stm32f1xx_hal_gpio.o(i.HAL_GPIO_WritePin) for HAL_GPIO_WritePin
    main.o(i.MX_GPIO_Init) refers to stm32f1xx_hal_gpio.o(i.HAL_GPIO_Init) for HAL_GPIO_Init
    main.o(i.MX_TIM1_Init) refers to stm32f1xx_hal_tim.o(i.HAL_TIM_Base_Init) for HAL_TIM_Base_Init
    main.o(i.MX_TIM1_Init) refers to stm32f1xx_hal_tim.o(i.HAL_TIM_ConfigClockSource) for HAL_TIM_ConfigClockSource
    main.o(i.MX_TIM1_Init) refers to stm32f1xx_hal_tim_ex.o(i.HAL_TIMEx_MasterConfigSynchronization) for HAL_TIMEx_MasterConfigSynchronization
    main.o(i.MX_TIM1_Init) refers to main.o(.bss) for .bss
    main.o(i.MX_TIM2_Init) refers to stm32f1xx_hal_tim.o(i.HAL_TIM_Base_Init) for HAL_TIM_Base_Init
    main.o(i.MX_TIM2_Init) refers to stm32f1xx_hal_tim.o(i.HAL_TIM_ConfigClockSource) for HAL_TIM_ConfigClockSource
    main.o(i.MX_TIM2_Init) refers to stm32f1xx_hal_tim_ex.o(i.HAL_TIMEx_MasterConfigSynchronization) for HAL_TIMEx_MasterConfigSynchronization
    main.o(i.MX_TIM2_Init) refers to main.o(.bss) for .bss
    main.o(i.SystemClock_Config) refers to rt_memclr_w.o(.text) for __aeabi_memclr4
    main.o(i.SystemClock_Config) refers to stm32f1xx_hal_rcc.o(i.HAL_RCC_OscConfig) for HAL_RCC_OscConfig
    main.o(i.SystemClock_Config) refers to stm32f1xx_hal_rcc.o(i.HAL_RCC_ClockConfig) for HAL_RCC_ClockConfig
    main.o(i.SystemClock_Config) refers to stm32f1xx_hal_rcc_ex.o(i.HAL_RCCEx_PeriphCLKConfig) for HAL_RCCEx_PeriphCLKConfig
    main.o(i.main) refers to stm32f1xx_hal.o(i.HAL_Init) for HAL_Init
    main.o(i.main) refers to main.o(i.SystemClock_Config) for SystemClock_Config
    main.o(i.main) refers to main.o(i.MX_GPIO_Init) for MX_GPIO_Init
    main.o(i.main) refers to main.o(i.MX_ADC1_Init) for MX_ADC1_Init
    main.o(i.main) refers to main.o(i.MX_ADC2_Init) for MX_ADC2_Init
    main.o(i.main) refers to stm32f1xx_hal_i2c.o(i.HAL_I2C_Init) for HAL_I2C_Init
    main.o(i.main) refers to main.o(i.MX_TIM1_Init) for MX_TIM1_Init
    main.o(i.main) refers to main.o(i.MX_TIM2_Init) for MX_TIM2_Init
    main.o(i.main) refers to stm32f1xx_hal_uart.o(i.HAL_UART_Init) for HAL_UART_Init
    main.o(i.main) refers to global.o(i.global_init) for global_init
    main.o(i.main) refers to global.o(i.global_loop) for global_loop
    main.o(i.main) refers to main.o(.bss) for .bss
    stm32f1xx_it.o(i.SysTick_Handler) refers to stm32f1xx_hal.o(i.HAL_IncTick) for HAL_IncTick
[...]
    HAL_UART_Transmit                        0x0800225d   Thumb Code   178  stm32f1xx_hal_uart.o(i.HAL_UART_Transmit)
    HardFault_Handler                        0x0800230f   Thumb Code     2  stm32f1xx_it.o(i.HardFault_Handler)
    MemManage_Handler                        0x08002a61   Thumb Code     2  stm32f1xx_it.o(i.MemManage_Handler)
    NMI_Handler                              0x08002a63   Thumb Code     2  stm32f1xx_it.o(i.NMI_Handler)
    PendSV_Handler                           0x08002a65   Thumb Code     2  stm32f1xx_it.o(i.PendSV_Handler)
    SVC_Handler                              0x08002a67   Thumb Code     2  stm32f1xx_it.o(i.SVC_Handler)
    Set_Pin_Input                            0x08002a69   Thumb Code    22  ds18b20.o(i.Set_Pin_Input)
    Set_Pin_Output                           0x08002a7f   Thumb Code    24  ds18b20.o(i.Set_Pin_Output)
    SysTick_Handler                          0x08002a97   Thumb Code     4  stm32f1xx_it.o(i.SysTick_Handler)
    SystemClock_Config                       0x08002a9b   Thumb Code   120  main.o(i.SystemClock_Config)
    SystemInit                               0x08002b13   Thumb Code     2  system_stm32f1xx.o(i.SystemInit)
    TIM1_UP_IRQHandler                       0x08002b15   Thumb Code     6  stm32f1xx_it.o(i.TIM1_UP_IRQHandler)
    TIM_Base_SetConfig                       0x08002b21   Thumb Code    94  stm32f1xx_hal_tim.o(i.TIM_Base_SetConfig)
    TIM_ETR_SetConfig                        0x08002b8d   Thumb Code    20  stm32f1xx_hal_tim.o(i.TIM_ETR_SetConfig)
    UART_Start_Receive_IT                    0x08002cb1   Thumb Code    54  stm32f1xx_hal_uart.o(i.UART_Start_Receive_IT)
    UsageFault_Handler                       0x08002d4b   Thumb Code     2  stm32f1xx_it.o(i.UsageFault_Handler)
    alarmApp_handle_loop                     0x08002dc5   Thumb Code    40  alarm_app.o(i.alarmApp_handle_loop)
    alarmApp_init                            0x08002df1   Thumb Code     8  alarm_app.o(i.alarmApp_init)
    alarm_button_decre_fast                  0x08002dfd   Thumb Code    88  ds1307_button_app.o(i.alarm_button_decre_fast)
    alarm_button_incre_fast                  0x08002e55   Thumb Code    88  ds1307_button_app.o(i.alarm_button_incre_fast)
    alarm_button_slow                        0x08002ead   Thumb Code   132  ds1307_button_app.o(i.alarm_button_slow)
    buttonApp_init                           0x08002fe5   Thumb Code    60  button_app.o(i.buttonApp_init)
    button_check_press_interrupt             0x08003045   Thumb Code   102  button.o(i.button_check_press_interrupt)
    button_init                              0x080030ab   Thumb Code    14  button.o(i.button_init)
    button_keep                              0x080030b9   Thumb Code    16  button.o(i.button_keep)
    button_notify                            0x080030c9   Thumb Code    44  button.o(i.button_notify)
    button_press                             0x080030f5   Thumb Code    38  button.o(i.button_press)
    button_release_fast                      0x0800311b   Thumb Code    20  button.o(i.button_release_fast)
    button_release_long_slow                 0x0800312f   Thumb Code    26  button.o(i.button_release_long_slow)
    button_release_slow                      0x08003149   Thumb Code    24  button.o(i.button_release_slow)
    buzzerLedApp_but_noti_inter              0x08003161   Thumb Code    42  buzzer_led_app.o(i.buzzerLedApp_but_noti_inter)
    buzzer_call_blink_interrupt              0x0800318b   Thumb Code    46  buzzer.o(i.buzzer_call_blink_interrupt)
    buzzer_init                              0x080031b9   Thumb Code    24  buzzer.o(i.buzzer_init)
    buzzer_set_number_call                   0x080031d1   Thumb Code     8  buzzer.o(i.buzzer_set_number_call)
    buzzer_write                             0x080031d9   Thumb Code    12  buzzer.o(i.buzzer_write)
    content_1_1_choose                       0x080031e5   Thumb Code    52  lcd_menu.o(i.content_1_1_choose)
    content_1_1_display                      0x0800321d   Thumb Code    52  lcd_menu.o(i.content_1_1_display)
    content_1_2_choose                       0x08003255   Thumb Code    52  lcd_menu.o(i.content_1_2_choose)
    content_1_2_display                      0x0800328d   Thumb Code    52  lcd_menu.o(i.content_1_2_display)
    content_1_3_choose                       0x080032c5   Thumb Code    52  lcd_menu.o(i.content_1_3_choose)
    content_1_3_display                      0x080032fd   Thumb Code    52  lcd_menu.o(i.content_1_3_display)
    content_1_4_choose                       0x08003335   Thumb Code    52  lcd_menu.o(i.content_1_4_choose)
    content_1_4_display                      0x0800336d   Thumb Code    48  lcd_menu.o(i.content_1_4_display)
    delay                                    0x080033f9   Thumb Code    20  ds18b20.o(i.delay)
    down_buttonApp_Fast                      0x08003411   Thumb Code    44  button_app.o(i.down_buttonApp_Fast)
    down_buttonApp_Keep                      0x08003441   Thumb Code     4  button_app.o(i.down_buttonApp_Keep)
    down_buttonApp_Long_Slow                 0x08003445   Thumb Code     2  button_app.o(i.down_buttonApp_Long_Slow)
    down_buttonApp_Slow                      0x08003447   Thumb Code     4  button_app.o(i.down_buttonApp_Slow)
    down_button_handle_loop                  0x0800344d   Thumb Code    58  button.o(i.down_button_handle_loop)
    down_button_set_handle_fast              0x0800348d   Thumb Code     6  button.o(i.down_button_set_handle_fast)
    down_button_set_handle_keep              0x08003499   Thumb Code     6  button.o(i.down_button_set_handle_keep)
    down_button_set_handle_long_slow         0x080034a5   Thumb Code     6  button.o(i.down_button_set_handle_long_slow)
    down_button_set_handle_slow              0x080034b1   Thumb Code     6  button.o(i.down_button_set_handle_slow)
    ds1307App_init                           0x080034bd   Thumb Code     6  ds1307_lcd_app.o(i.ds1307App_init)
    ds1307App_lcd_edit_24Mode                0x080034c9   Thumb Code    26  ds1307_lcd_app.o(i.ds1307App_lcd_edit_24Mode)
    ds1307App_lcd_edit_date                  0x08003525   Thumb Code    64  ds1307_lcd_app.o(i.ds1307App_lcd_edit_date)
    ds1307App_lcd_edit_pulse                 0x08003569   Thumb Code    54  ds1307_lcd_app.o(i.ds1307App_lcd_edit_pulse)
    ds1307App_lcd_edit_time                  0x080035a5   Thumb Code    44  ds1307_lcd_app.o(i.ds1307App_lcd_edit_time)
    ds1307App_lcd_update_24Mode              0x080035d5   Thumb Code    68  ds1307_lcd_app.o(i.ds1307App_lcd_update_24Mode)
    ds1307App_lcd_update_date                0x080036c1   Thumb Code   164  ds1307_lcd_app.o(i.ds1307App_lcd_update_date)
    ds1307App_lcd_update_edit_24Mode         0x08003781   Thumb Code    30  ds1307_lcd_app.o(i.ds1307App_lcd_update_edit_24Mode)
    ds1307App_lcd_update_edit_alarm_1        0x080037a5   Thumb Code    38  ds1307_lcd_app.o(i.ds1307App_lcd_update_edit_alarm_1)
    ds1307App_lcd_update_edit_alarm_2        0x080037d1   Thumb Code    38  ds1307_lcd_app.o(i.ds1307App_lcd_update_edit_alarm_2)
    ds1307App_lcd_update_edit_alarm_3        0x080037fd   Thumb Code    40  ds1307_lcd_app.o(i.ds1307App_lcd_update_edit_alarm_3)
    ds1307App_lcd_update_edit_alarm_4        0x08003829   Thumb Code    46  ds1307_lcd_app.o(i.ds1307App_lcd_update_edit_alarm_4)
    ds1307App_lcd_update_edit_date           0x0800385d   Thumb Code    30  ds1307_lcd_app.o(i.ds1307App_lcd_update_edit_date)
    ds1307App_lcd_update_edit_pulse          0x08003881   Thumb Code    30  ds1307_lcd_app.o(i.ds1307App_lcd_update_edit_pulse)
    ds1307App_lcd_update_edit_time           0x080038a5   Thumb Code    30  ds1307_lcd_app.o(i.ds1307App_lcd_update_edit_time)
    ds1307App_lcd_update_pulse               0x080038c9   Thumb Code   224  ds1307_lcd_app.o(i.ds1307App_lcd_update_pulse)
    ds1307App_lcd_update_time                0x080039c1   Thumb Code   118  ds1307_lcd_app.o(i.ds1307App_lcd_update_time)
    ds1307LcdApp_alarm_basic                 0x08003a51   Thumb Code    92  ds1307_lcd_app.o(i.ds1307LcdApp_alarm_basic)
    ds1307_get_all                           0x08003ac5   Thumb Code    48  ds1307.o(i.ds1307_get_all)
    ds1307_get_date                          0x08003af5   Thumb Code    16  ds1307.o(i.ds1307_get_date)
    ds1307_get_day_of_week                   0x08003b05   Thumb Code    16  ds1307.o(i.ds1307_get_day_of_week)
    ds1307_get_hour                          0x08003b15   Thumb Code    20  ds1307.o(i.ds1307_get_hour)
    ds1307_get_minute                        0x08003b29   Thumb Code    16  ds1307.o(i.ds1307_get_minute)
    ds1307_get_month                         0x08003b39   Thumb Code    16  ds1307.o(i.ds1307_get_month)
    ds1307_get_second                        0x08003b49   Thumb Code    20  ds1307.o(i.ds1307_get_second)
    ds1307_get_year                          0x08003b5d   Thumb Code    28  ds1307.o(i.ds1307_get_year)
    ds1307_init                              0x08003b79   Thumb Code    10  ds1307.o(i.ds1307_init)
    ds1307_set_day                           0x08003b89   Thumb Code    18  ds1307.o(i.ds1307_set_day)
    ds1307_set_day_of_week                   0x08003b9b   Thumb Code    18  ds1307.o(i.ds1307_set_day_of_week)
    ds1307_set_hour                          0x08003bad   Thumb Code    22  ds1307.o(i.ds1307_set_hour)
    ds1307_set_minute                        0x08003bc3   Thumb Code    18  ds1307.o(i.ds1307_set_minute)
    ds1307_set_month                         0x08003bd5   Thumb Code    18  ds1307.o(i.ds1307_set_month)
    ds1307_set_second                        0x08003be7   Thumb Code    26  ds1307.o(i.ds1307_set_second)
    ds1307_set_year                          0x08003c01   Thumb Code    42  ds1307.o(i.ds1307_set_year)
    ee24_available                           0x08003c2d   Thumb Code    26  ee.o(i.ee24_available)
    ee24_init                                0x08003c4d   Thumb Code     6  ee.o(i.ee24_init)
    ee24_read                                0x08003c59   Thumb Code    48  ee.o(i.ee24_read)
    ee24_write                               0x08003c8d   Thumb Code   128  ee.o(i.ee24_write)
    eeApp_alarm_read                         0x08003d11   Thumb Code    72  ee_app.o(i.eeApp_alarm_read)
    eeApp_ds1307_read                        0x08003d5d   Thumb Code    46  ee_app.o(i.eeApp_ds1307_read)
    eeApp_ds1307_write                       0x08003d91   Thumb Code   284  ee_app.o(i.eeApp_ds1307_write)
    eeApp_ds18b20_read                       0x08003eb1   Thumb Code    46  ee_app.o(i.eeApp_ds18b20_read)
    eeApp_ds18b20_write                      0x08003ee5   Thumb Code    52  ee_app.o(i.eeApp_ds18b20_write)
    eeApp_handle_loop                        0x08003f1d   Thumb Code    18  ee_app.o(i.eeApp_handle_loop)
    eeApp_init                               0x08003f31   Thumb Code     8  ee_app.o(i.eeApp_init)
    eeApp_start                              0x08003f3d   Thumb Code    22  ee_app.o(i.eeApp_start)
    eeApp_uart_read                          0x08003f55   Thumb Code    36  ee_app.o(i.eeApp_uart_read)
    eeApp_uart_write                         0x08003f7d   Thumb Code    38  ee_app.o(i.eeApp_uart_write)
    global_button                            0x08003fa9   Thumb Code    20  global.o(i.global_button)
    global_ds1307                            0x08003fc1   Thumb Code    56  global.o(i.global_ds1307)
    global_dsTemp                            0x08004001   Thumb Code    20  global.o(i.global_dsTemp)
    global_ee                                0x08004019   Thumb Code    18  global.o(i.global_ee)
    global_init                              0x08004031   Thumb Code   294  global.o(i.global_init)
    global_lcd                               0x08004195   Thumb Code    20  global.o(i.global_lcd)
    global_loop                              0x080041ad   Thumb Code    26  global.o(i.global_loop)
    global_start                             0x080041c9   Thumb Code    30  global.o(i.global_start)
    gpio_read                                0x080041f1   Thumb Code     4  gpio_stm32.o(i.gpio_read)
    gpio_toggle                              0x080041f5   Thumb Code     4  gpio_stm32.o(i.gpio_toggle)
    gpio_write                               0x080041f9   Thumb Code     4  gpio_stm32.o(i.gpio_write)
    lcdMenuApp_content_0                     0x080041fd   Thumb Code    54  lcd_menu_app.o(i.lcdMenuApp_content_0)
    lcdMenuApp_content_1_1                   0x08004235   Thumb Code    30  lcd_menu_app.o(i.lcdMenuApp_content_1_1)
    lcdMenuApp_content_1_1_1                 0x080042a5   Thumb Code    30  lcd_menu_app.o(i.lcdMenuApp_content_1_1_1)
    lcdMenuApp_content_1_1_1_choose          0x08004315   Thumb Code    30  lcd_menu_app.o(i.lcdMenuApp_content_1_1_1_choose)
    lcdMenuApp_content_1_1_2                 0x08004349   Thumb Code    30  lcd_menu_app.o(i.lcdMenuApp_content_1_1_2)
    lcdMenuApp_content_1_1_2_choose          0x080043b9   Thumb Code    30  lcd_menu_app.o(i.lcdMenuApp_content_1_1_2_choose)
    lcdMenuApp_content_1_1_3                 0x080043ed   Thumb Code    30  lcd_menu_app.o(i.lcdMenuApp_content_1_1_3)
    lcdMenuApp_content_1_1_3_choose          0x0800445d   Thumb Code    30  lcd_menu_app.o(i.lcdMenuApp_content_1_1_3_choose)
    lcdMenuApp_content_1_1_4                 0x08004491   Thumb Code    30  lcd_menu_app.o(i.lcdMenuApp_content_1_1_4)
    lcdMenuApp_content_1_1_4_choose          0x08004501   Thumb Code    30  lcd_menu_app.o(i.lcdMenuApp_content_1_1_4_choose)
    lcdMenuApp_content_1_2                   0x08004535   Thumb Code    30  lcd_menu_app.o(i.lcdMenuApp_content_1_2)
    lcdMenuApp_content_1_2_1                 0x080045a5   Thumb Code    30  lcd_menu_app.o(i.lcdMenuApp_content_1_2_1)
    lcdMenuApp_content_1_2_1_choose          0x08004615   Thumb Code    30  lcd_menu_app.o(i.lcdMenuApp_content_1_2_1_choose)
    lcdMenuApp_content_1_2_2                 0x08004649   Thumb Code    30  lcd_menu_app.o(i.lcdMenuApp_content_1_2_2)
    lcdMenuApp_content_1_2_2_choose          0x080046b9   Thumb Code    30  lcd_menu_app.o(i.lcdMenuApp_content_1_2_2_choose)
    lcdMenuApp_content_1_2_3                 0x080046ed   Thumb Code    30  lcd_menu_app.o(i.lcdMenuApp_content_1_2_3)
    lcdMenuApp_content_1_2_3_choose          0x0800475d   Thumb Code    30  lcd_menu_app.o(i.lcdMenuApp_content_1_2_3_choose)
    lcdMenuApp_content_1_2_4                 0x08004791   Thumb Code    30  lcd_menu_app.o(i.lcdMenuApp_content_1_2_4)
    lcdMenuApp_content_1_2_4_choose          0x08004801   Thumb Code    30  lcd_menu_app.o(i.lcdMenuApp_content_1_2_4_choose)
    lcdMenuApp_content_1_3                   0x08004835   Thumb Code    30  lcd_menu_app.o(i.lcdMenuApp_content_1_3)
    lcdMenuApp_content_1_3_1                 0x080048a5   Thumb Code    30  lcd_menu_app.o(i.lcdMenuApp_content_1_3_1)
    lcdMenuApp_content_1_3_1_choose          0x08004915   Thumb Code    30  lcd_menu_app.o(i.lcdMenuApp_content_1_3_1_choose)
    lcdMenuApp_content_1_3_2                 0x08004949   Thumb Code    30  lcd_menu_app.o(i.lcdMenuApp_content_1_3_2)
    lcdMenuApp_content_1_3_2_choose          0x080049b9   Thumb Code    30  lcd_menu_app.o(i.lcdMenuApp_content_1_3_2_choose)
    lcdMenuApp_content_1_3_3                 0x080049ed   Thumb Code    30  lcd_menu_app.o(i.lcdMenuApp_content_1_3_3)
    lcdMenuApp_content_1_3_3_choose          0x08004a5d   Thumb Code    30  lcd_menu_app.o(i.lcdMenuApp_content_1_3_3_choose)
    lcdMenuApp_content_1_3_4                 0x08004a91   Thumb Code    30  lcd_menu_app.o(i.lcdMenuApp_content_1_3_4)
    lcdMenuApp_content_1_3_4_choose          0x08004b01   Thumb Code    30  lcd_menu_app.o(i.lcdMenuApp_content_1_3_4_choose)
    lcdMenuApp_content_1_4                   0x08004b35   Thumb Code    30  lcd_menu_app.o(i.lcdMenuApp_content_1_4)
    lcdMenuApp_content_1_4_1                 0x08004ba5   Thumb Code    30  lcd_menu_app.o(i.lcdMenuApp_content_1_4_1)
    lcdMenuApp_content_1_4_1_choose          0x08004c15   Thumb Code    30  lcd_menu_app.o(i.lcdMenuApp_content_1_4_1_choose)
    lcdMenuApp_content_1_4_2                 0x08004c49   Thumb Code    30  lcd_menu_app.o(i.lcdMenuApp_content_1_4_2)
    lcdMenuApp_content_1_4_2_choose          0x08004cb9   Thumb Code    30  lcd_menu_app.o(i.lcdMenuApp_content_1_4_2_choose)
    lcdMenuApp_content_1_4_3                 0x08004ced   Thumb Code    30  lcd_menu_app.o(i.lcdMenuApp_content_1_4_3)
    lcdMenuApp_content_1_4_3_choose          0x08004d5d   Thumb Code    30  lcd_menu_app.o(i.lcdMenuApp_content_1_4_3_choose)
    lcdMenuApp_content_1_4_4                 0x08004d91   Thumb Code    30  lcd_menu_app.o(i.lcdMenuApp_content_1_4_4)
    lcdMenuApp_content_1_4_4_choose          0x08004e01   Thumb Code    30  lcd_menu_app.o(i.lcdMenuApp_content_1_4_4_choose)
    lcdMenuApp_init                          0x08004e35   Thumb Code   228  lcd_menu_app.o(i.lcdMenuApp_init)
    lcdMenu_back_main                        0x08004fad   Thumb Code    20  lcd_menu.o(i.lcdMenu_back_main)
    lcdMenu_change_row_1                     0x08004fc5   Thumb Code     8  lcd_menu.o(i.lcdMenu_change_row_1)
    lcdMenu_change_row_2                     0x08004fd1   Thumb Code     8  lcd_menu.o(i.lcdMenu_change_row_2)
    lcdMenu_change_row_3                     0x08004fdd   Thumb Code     8  lcd_menu.o(i.lcdMenu_change_row_3)
    lcdMenu_change_row_4                     0x08004fe9   Thumb Code     8  lcd_menu.o(i.lcdMenu_change_row_4)
    lcdMenu_check_back                       0x08004ff5   Thumb Code    46  lcd_menu.o(i.lcdMenu_check_back)
    lcdMenu_check_choose                     0x08005029   Thumb Code    28  lcd_menu.o(i.lcdMenu_check_choose)
    lcdMenu_check_down                       0x08005049   Thumb Code    54  lcd_menu.o(i.lcdMenu_check_down)
    lcdMenu_check_up                         0x08005085   Thumb Code    60  lcd_menu.o(i.lcdMenu_check_up)
    lcdMenu_delete_row_2                     0x080050c5   Thumb Code     6  lcd_menu.o(i.lcdMenu_delete_row_2)
    lcdMenu_delete_row_3                     0x080050e1   Thumb Code     6  lcd_menu.o(i.lcdMenu_delete_row_3)
    lcdMenu_delete_row_4                     0x080050fd   Thumb Code     6  lcd_menu.o(i.lcdMenu_delete_row_4)
    lcdMenu_display                          0x08005119   Thumb Code    52  lcd_menu.o(i.lcdMenu_display)
    lcdMenu_handle_loop                      0x08005151   Thumb Code    30  lcd_menu.o(i.lcdMenu_handle_loop)
    lcdMenu_init                             0x08005171   Thumb Code     8  lcd_menu.o(i.lcdMenu_init)
    lcdMenu_level_0                          0x0800517d   Thumb Code    20  lcd_menu.o(i.lcdMenu_level_0)
    lcdMenu_level_1                          0x08005195   Thumb Code    52  lcd_menu.o(i.lcdMenu_level_1)
    lcdMenu_level_2                          0x080051cd   Thumb Code    34  lcd_menu.o(i.lcdMenu_level_2)
    lcdMenu_level_3                          0x080051f5   Thumb Code    34  lcd_menu.o(i.lcdMenu_level_3)
    lcdMenu_move                             0x0800521d   Thumb Code    22  lcd_menu.o(i.lcdMenu_move)
    lcdMenu_set_back                         0x08005235   Thumb Code    10  lcd_menu.o(i.lcdMenu_set_back)
    lcdMenu_set_choose                       0x08005245   Thumb Code    10  lcd_menu.o(i.lcdMenu_set_choose)
    lcdMenu_set_content_0                    0x08005255   Thumb Code     6  lcd_menu.o(i.lcdMenu_set_content_0)
    lcdMenu_set_content_1_1                  0x08005261   Thumb Code     6  lcd_menu.o(i.lcdMenu_set_content_1_1)
    lcdMenu_set_content_1_2                  0x0800526d   Thumb Code     6  lcd_menu.o(i.lcdMenu_set_content_1_2)
    lcdMenu_set_content_1_3                  0x08005279   Thumb Code     6  lcd_menu.o(i.lcdMenu_set_content_1_3)
    lcdMenu_set_content_1_4                  0x08005285   Thumb Code     6  lcd_menu.o(i.lcdMenu_set_content_1_4)
    lcdMenu_set_down                         0x08005291   Thumb Code    10  lcd_menu.o(i.lcdMenu_set_down)
    lcdMenu_set_up                           0x080052a1   Thumb Code    10  lcd_menu.o(i.lcdMenu_set_up)
    lcdMenu_start                            0x080052b1   Thumb Code    28  lcd_menu.o(i.lcdMenu_start)
    lcd_goto_xy                              0x080052d1   Thumb Code    72  lcd.o(i.lcd_goto_xy)
    lcd_init                                 0x08005319   Thumb Code   124  lcd.o(i.lcd_init)
    lcd_send_string                          0x08005419   Thumb Code    20  lcd.o(i.lcd_send_string)
    lcd_send_string_goto_xy                  0x0800542d   Thumb Code    18  lcd.o(i.lcd_send_string_goto_xy)
    ledMenu_set_content_1_1_1                0x08005441   Thumb Code     6  lcd_menu.o(i.ledMenu_set_content_1_1_1)
    ledMenu_set_content_1_1_1_choose         0x0800544d   Thumb Code     6  lcd_menu.o(i.ledMenu_set_content_1_1_1_choose)
    ledMenu_set_content_1_1_2                0x08005459   Thumb Code     6  lcd_menu.o(i.ledMenu_set_content_1_1_2)
    ledMenu_set_content_1_1_2_choose         0x08005465   Thumb Code     6  lcd_menu.o(i.ledMenu_set_content_1_1_2_choose)
    ledMenu_set_content_1_1_3                0x08005471   Thumb Code     6  lcd_menu.o(i.ledMenu_set_content_1_1_3)
    ledMenu_set_content_1_1_3_choose         0x0800547d   Thumb Code     6  lcd_menu.o(i.ledMenu_set_content_1_1_3_choose)
    ledMenu_set_content_1_1_4                0x08005489   Thumb Code     6  lcd_menu.o(i.ledMenu_set_content_1_1_4)
    ledMenu_set_content_1_1_4_choose         0x08005495   Thumb Code     6  lcd_menu.o(i.ledMenu_set_content_1_1_4_choose)
    ledMenu_set_content_1_2_1                0x080054a1   Thumb Code     6  lcd_menu.o(i.ledMenu_set_content_1_2_1)
    ledMenu_set_content_1_2_1_choose         0x080054ad   Thumb Code     6  lcd_menu.o(i.ledMenu_set_content_1_2_1_choose)
    ledMenu_set_content_1_2_2                0x080054b9   Thumb Code     6  lcd_menu.o(i.ledMenu_set_content_1_2_2)
    ledMenu_set_content_1_2_2_choose         0x080054c5   Thumb Code     6  lcd_menu.o(i.ledMenu_set_content_1_2_2_choose)
    ledMenu_set_content_1_2_3                0x080054d1   Thumb Code     6  lcd_menu.o(i.ledMenu_set_content_1_2_3)
    ledMenu_set_content_1_2_3_choose         0x080054dd   Thumb Code     6  lcd_menu.o(i.ledMenu_set_content_1_2_3_choose)
    ledMenu_set_content_1_2_4                0x080054e9   Thumb Code     6  lcd_menu.o(i.ledMenu_set_content_1_2_4)
    ledMenu_set_content_1_2_4_choose         0x080054f5   Thumb Code     6  lcd_menu.o(i.ledMenu_set_content_1_2_4_choose)
    ledMenu_set_content_1_3_1                0x08005501   Thumb Code     6  lcd_menu.o(i.ledMenu_set_content_1_3_1)
    ledMenu_set_content_1_3_1_choose         0x0800550d   Thumb Code     6  lcd_menu.o(i.ledMenu_set_content_1_3_1_choose)
    ledMenu_set_content_1_3_2                0x08005519   Thumb Code     6  lcd_menu.o(i.ledMenu_set_content_1_3_2)
    ledMenu_set_content_1_3_2_choose         0x08005525   Thumb Code     6  lcd_menu.o(i.ledMenu_set_content_1_3_2_choose)
    ledMenu_set_content_1_3_3                0x08005531   Thumb Code     6  lcd_menu.o(i.ledMenu_set_content_1_3_3)
    ledMenu_set_content_1_3_3_choose         0x0800553d   Thumb Code     6  lcd_menu.o(i.ledMenu_set_content_1_3_3_choose)
    ledMenu_set_content_1_3_4                0x08005549   Thumb Code     6  lcd_menu.o(i.ledMenu_set_content_1_3_4)
    ledMenu_set_content_1_3_4_choose         0x08005555   Thumb Code     6  lcd_menu.o(i.ledMenu_set_content_1_3_4_choose)
    ledMenu_set_content_1_4_1                0x08005561   Thumb Code     6  lcd_menu.o(i.ledMenu_set_content_1_4_1)
    ledMenu_set_content_1_4_1_choose         0x0800556d   Thumb Code     6  lcd_menu.o(i.ledMenu_set_content_1_4_1_choose)
    ledMenu_set_content_1_4_2                0x08005579   Thumb Code     6  lcd_menu.o(i.ledMenu_set_content_1_4_2)
    ledMenu_set_content_1_4_2_choose         0x08005585   Thumb Code     6  lcd_menu.o(i.ledMenu_set_content_1_4_2_choose)
    ledMenu_set_content_1_4_3                0x08005591   Thumb Code     6  lcd_menu.o(i.ledMenu_set_content_1_4_3)
    ledMenu_set_content_1_4_3_choose         0x0800559d   Thumb Code     6  lcd_menu.o(i.ledMenu_set_content_1_4_3_choose)
    ledMenu_set_content_1_4_4                0x080055a9   Thumb Code     6  lcd_menu.o(i.ledMenu_set_content_1_4_4)
    ledMenu_set_content_1_4_4_choose         0x080055b5   Thumb Code     6  lcd_menu.o(i.ledMenu_set_content_1_4_4_choose)
    led_init                                 0x080055c1   Thumb Code    14  led.o(i.led_init)
    led_toggle                               0x080055cf   Thumb Code     8  led.o(i.led_toggle)
    main                                     0x080055d9   Thumb Code   130  main.o(i.main)
    number_decre                             0x0800566d   Thumb Code    12  temp_button_app.o(i.number_decre)
    number_incre                             0x08005679   Thumb Code    18  temp_button_app.o(i.number_incre)
    rtc_button_decre_fast                    0x0800568b   Thumb Code   118  ds1307_button_app.o(i.rtc_button_decre_fast)
    rtc_button_incre_fast                    0x08005701   Thumb Code   208  ds1307_button_app.o(i.rtc_button_incre_fast)
    rtc_button_slow                          0x080057d1   Thumb Code   116  ds1307_button_app.o(i.rtc_button_slow)
    tempLcdApp_init                          0x08005845   Thumb Code     6  temp_lcd_app.o(i.tempLcdApp_init)
    tempLcdApp_type_sensor                   0x08005851   Thumb Code    70  temp_lcd_app.o(i.tempLcdApp_type_sensor)
    tempLcdApp_update_basic_tempCur          0x080058ad   Thumb Code    82  temp_lcd_app.o(i.tempLcdApp_update_basic_tempCur)
    tempLcdApp_update_edit_number_sensor     0x08005909   Thumb Code    90  temp_lcd_app.o(i.tempLcdApp_update_edit_number_sensor)
    tempLcdApp_update_edit_temp_set          0x0800597d   Thumb Code    90  temp_lcd_app.o(i.tempLcdApp_update_edit_temp_set)
    tempLcdApp_update_tempCur                0x080059f1   Thumb Code   112  temp_lcd_app.o(i.tempLcdApp_update_tempCur)
    temp_button_decre_fast                   0x08005a7d   Thumb Code    56  temp_button_app.o(i.temp_button_decre_fast)
    temp_button_incre_fast                   0x08005ab5   Thumb Code    56  temp_button_app.o(i.temp_button_incre_fast)
    temp_button_slow                         0x08005aed   Thumb Code    72  temp_button_app.o(i.temp_button_slow)
    uartLcdApp_edit_baudrate                 0x08005b65   Thumb Code    36  uart_lcd_app.o(i.uartLcdApp_edit_baudrate)
    uartLcdApp_edit_update_baudrate          0x08005b8d   Thumb Code    30  uart_lcd_app.o(i.uartLcdApp_edit_update_baudrate)
    uartLcdApp_init                          0x08005bb1   Thumb Code     6  uart_lcd_app.o(i.uartLcdApp_init)
    uartLcdApp_update_baudrate               0x08005bbd   Thumb Code   280  uart_lcd_app.o(i.uartLcdApp_update_baudrate)
    uartLcdApp_update_data_receive           0x08005ced   Thumb Code    28  uart_lcd_app.o(i.uartLcdApp_update_data_receive)
    uartLcdApp_update_data_send              0x08005d1d   Thumb Code    28  uart_lcd_app.o(i.uartLcdApp_update_data_send)
    uartLcdApp_update_state_conncet          0x08005d4d   Thumb Code   116  uart_lcd_app.o(i.uartLcdApp_update_state_conncet)
    uart_button_decre_fast                   0x08005dd9   Thumb Code    52  uart_button_app.o(i.uart_button_decre_fast)
    uart_button_incre_fast                   0x08005e0d   Thumb Code    58  uart_button_app.o(i.uart_button_incre_fast)
    uart_button_slow                         0x08005e47   Thumb Code    54  uart_button_app.o(i.uart_button_slow)
    uart_init                                0x08005e7d   Thumb Code    14  uart.o(i.uart_init)
    up_buttonApp_Fast                        0x08005e91   Thumb Code    48  button_app.o(i.up_buttonApp_Fast)
    up_buttonApp_Keep                        0x08005ec5   Thumb Code     2  button_app.o(i.up_buttonApp_Keep)
    up_buttonApp_Long_Slow                   0x08005ec7   Thumb Code     2  button_app.o(i.up_buttonApp_Long_Slow)
    up_buttonApp_Slow                        0x08005ec9   Thumb Code    44  button_app.o(i.up_buttonApp_Slow)
    up_button_handle_loop                    0x08005ef9   Thumb Code    58  button.o(i.up_button_handle_loop)
    up_button_set_handle_fast                0x08005f39   Thumb Code     6  button.o(i.up_button_set_handle_fast)
    up_button_set_handle_keep                0x08005f45   Thumb Code     6  button.o(i.up_button_set_handle_keep)
    up_button_set_handle_long_slow           0x08005f51   Thumb Code     6  button.o(i.up_button_set_handle_long_slow)
    up_button_set_handle_slow                0x08005f5d   Thumb Code     6  button.o(i.up_button_set_handle_slow)
    __fpl_fcheck_NaN1                        0x08005f69   Thumb Code     6  fcheck1.o(x$fpl$fcheck1)
    __aeabi_f2iz                             0x08005f75   Thumb Code     0  ffix.o(x$fpl$ffix)
    _ffix                                    0x08005f75   Thumb Code    54  ffix.o(x$fpl$ffix)
    __aeabi_ui2f                             0x08005fad   Thumb Code     0  fflt_clz.o(x$fpl$ffltu)
    _ffltu                                   0x08005fad   Thumb Code    38  fflt_clz.o(x$fpl$ffltu)
    __aeabi_fmul                             0x08005fd5   Thumb Code     0  fmul.o(x$fpl$fmul)
    _fmul                                    0x08005fd5   Thumb Code   258  fmul.o(x$fpl$fmul)
    __fpl_fnaninf                            0x080060d7   Thumb Code   140  fnaninf.o(x$fpl$fnaninf)
    __fpl_fretinf                            0x08006163   Thumb Code    10  fretinf.o(x$fpl$fretinf)
    __fpl_return_NaN                         0x0800616d   Thumb Code   100  retnan.o(x$fpl$retnan)
    __ARM_scalbnf                            0x080061d1   Thumb Code    76  scalbnf.o(x$fpl$scalbnf)
    __fpl_cmpreturn                          0x0800621d   Thumb Code    48  trapv.o(x$fpl$trapveneer)
    AHBPrescTable                            0x0800624c   Data          16  system_stm32f1xx.o(.constdata)
    __I$use$fp                               0x0800624c   Number         0  usenofp.o(x$fpl$usenofp)
    APBPrescTable                            0x0800625c   Data           8  system_stm32f1xx.o(.constdata)
    codeDayOfWeek                            0x08006264   Data          28  ds1307.o(.constdata)
    Region$$Table$$Base                      0x08006280   Number         0  anon$$obj.o(Region$$Table)
    Region$$Table$$Limit                     0x080062a0   Number         0  anon$$obj.o(Region$$Table)
    uwTickFreq                               0x20000000   Data           1  stm32f1xx_hal.o(.data)
    uwTickPrio                               0x20000004   Data           4  stm32f1xx_hal.o(.data)
    uwTick                                   0x20000008   Data           4  stm32f1xx_hal.o(.data)
    SystemCoreClock                          0x2000000c   Data           4  system_stm32f1xx.o(.data)
    dataReceive                              0x20000010   Data           1  global.o(.data)
    uart1                                    0x20000024   Data           4  global.o(.data)
    flagAlarmNew                             0x20000068   Data           1  alarm_app.o(.data)
    flagAlarmOld                             0x20000069   Data           1  alarm_app.o(.data)
    ee24Lock                                 0x20000074   Data           1  ee.o(.data)
    i2c_of_lcd                               0x2000007c   Data           4  lcd.o(.data)
    up_handle_fast                           0x20000094   Data           4  button.o(.data)
    up_handle_slow                           0x20000098   Data           4  button.o(.data)
    up_handle_long_slow                      0x2000009c   Data           4  button.o(.data)
    up_handle_keep                           0x200000a0   Data           4  button.o(.data)
    down_handle_fast                         0x200000a4   Data           4  button.o(.data)
    down_handle_slow                         0x200000a8   Data           4  button.o(.data)
    down_handle_long_slow                    0x200000ac   Data           4  button.o(.data)
    down_handle_keep                         0x200000b0   Data           4  button.o(.data)
    content_0                                0x200000b4   Data           4  lcd_menu.o(.data)
    content_1_1                              0x200000b8   Data           4  lcd_menu.o(.data)
    content_1_2                              0x200000bc   Data           4  lcd_menu.o(.data)
    content_1_3                              0x200000c0   Data           4  lcd_menu.o(.data)
    content_1_4                              0x200000c4   Data           4  lcd_menu.o(.data)
    content_1_1_1                            0x200000c8   Data           4  lcd_menu.o(.data)
    content_1_1_2                            0x200000cc   Data           4  lcd_menu.o(.data)
    content_1_1_3                            0x200000d0   Data           4  lcd_menu.o(.data)
    content_1_1_4                            0x200000d4   Data           4  lcd_menu.o(.data)
    content_1_2_1                            0x200000d8   Data           4  lcd_menu.o(.data)
    content_1_2_2                            0x200000dc   Data           4  lcd_menu.o(.data)
    content_1_2_3                            0x200000e0   Data           4  lcd_menu.o(.data)
    content_1_2_4                            0x200000e4   Data           4  lcd_menu.o(.data)
    content_1_3_1                            0x200000e8   Data           4  lcd_menu.o(.data)
    content_1_3_2                            0x200000ec   Data           4  lcd_menu.o(.data)
    content_1_3_3                            0x200000f0   Data           4  lcd_menu.o(.data)
    content_1_3_4                            0x200000f4   Data           4  lcd_menu.o(.data)
    content_1_4_1                            0x200000f8   Data           4  lcd_menu.o(.data)
    content_1_4_2                            0x200000fc   Data           4  lcd_menu.o(.data)
    content_1_4_3                            0x20000100   Data           4  lcd_menu.o(.data)
    content_1_4_4                            0x20000104   Data           4  lcd_menu.o(.data)
    content_1_1_1_choose                     0x20000108   Data           4  lcd_menu.o(.data)
    content_1_1_2_choose                     0x2000010c   Data           4  lcd_menu.o(.data)
    content_1_1_3_choose                     0x20000110   Data           4  lcd_menu.o(.data)
    content_1_1_4_choose                     0x20000114   Data           4  lcd_menu.o(.data)
    content_1_2_1_choose                     0x20000118   Data           4  lcd_menu.o(.data)
    content_1_2_2_choose                     0x2000011c   Data           4  lcd_menu.o(.data)
    content_1_2_3_choose                     0x20000120   Data           4  lcd_menu.o(.data)
    content_1_2_4_choose                     0x20000124   Data           4  lcd_menu.o(.data)
    content_1_3_1_choose                     0x20000128   Data           4  lcd_menu.o(.data)
    content_1_3_2_choose                     0x2000012c   Data           4  lcd_menu.o(.data)
    content_1_3_3_choose                     0x20000130   Data           4  lcd_menu.o(.data)
    content_1_3_4_choose                     0x20000134   Data           4  lcd_menu.o(.data)
    content_1_4_1_choose                     0x20000138   Data           4  lcd_menu.o(.data)
    content_1_4_2_choose                     0x2000013c   Data           4  lcd_menu.o(.data)
    content_1_4_3_choose                     0x20000140   Data           4  lcd_menu.o(.data)
    content_1_4_4_choose                     0x20000144   Data           4  lcd_menu.o(.data)
    contentRow_1                             0x2000014c   Data          17  lcd_menu.o(.data)
    contentRow_2                             0x2000015d   Data          17  lcd_menu.o(.data)
    contentRow_3                             0x2000016e   Data          17  lcd_menu.o(.data)
    contentRow_4                             0x2000017f   Data          17  lcd_menu.o(.data)
    hadc1                                    0x20000190   Data          48  main.o(.bss)
    hadc2                                    0x200001c0   Data          48  main.o(.bss)
    hi2c1                                    0x200001f0   Data          84  main.o(.bss)
    htim1                                    0x20000244   Data          72  main.o(.bss)
    htim2                                    0x2000028c   Data          72  main.o(.bss)
    huart2                                   0x200002d4   Data          68  main.o(.bss)
    ds1                                      0x2000039e   Data          39  global.o(.bss)
    dsTemp1                                  0x200003c8   Data          40  global.o(.bss)
    __libspace_start                         0x200003f0   Data          96  libspace.o(.bss)
    __temporary_stack_top$libspace           0x20000450   Data           0  libspace.o(.bss)



==============================================================================

Memory Map of the image

  Image Entry point : 0x080000ed

  Load Region LR_IROM1 (Base: 0x08000000, Size: 0x00006430, Max: 0x00010000, ABSOLUTE, COMPRESSED[0x000062b0])

    Execution Region ER_IROM1 (Exec base: 0x08000000, Load base: 0x08000000, Size: 0x000062a0, Max: 0x00010000, ABSOLUTE)

    Exec Addr    Load Addr    Size         Type   Attr      Idx    E Section Name        Object

    0x08000000   0x08000000   0x000000ec   Data   RO            3    RESET               startup_stm32f103xb.o
    0x080000ec   0x080000ec   0x00000008   Code   RO         5675  * !!!main             c_w.l(__main.o)
    0x080000f4   0x080000f4   0x00000034   Code   RO         5868    !!!scatter          c_w.l(__scatter.o)
    0x08000128   0x08000128   0x0000005a   Code   RO         5866    !!dczerorl2         c_w.l(__dczerorl2.o)
    0x08000182   0x08000182   0x00000002   PAD
    0x08000184   0x08000184   0x0000001c   Code   RO         5870    !!handler_zi        c_w.l(__scatter_zi.o)
    0x080001a0   0x080001a0   0x00000002   Code   RO         5734    .ARM.Collect$$libinit$$00000000  c_w.l(libinit.o)
    0x080001a2   0x080001a2   0x00000000   Code   RO         5743    .ARM.Collect$$libinit$$00000002  c_w.l(libinit2.o)
    0x080001a2   0x080001a2   0x00000000   Code   RO         5745    .ARM.Collect$$libinit$$00000004  c_w.l(libinit2.o)
    0x080001a2   0x080001a2   0x00000000   Code   RO         5748    .ARM.Collect$$libinit$$0000000A  c_w.l(libinit2.o)
    0x080001a2   0x080001a2   0x00000000   Code   RO         5750    .ARM.Collect$$libinit$$0000000C  c_w.l(libinit2.o)
    0x080001a2   0x080001a2   0x00000000   Code   RO         5752    .ARM.Collect$$libinit$$0000000E  c_w.l(libinit2.o)
    0x080001a2   0x080001a2   0x00000000   Code   RO         5755    .ARM.Collect$$libinit$$00000011  c_w.l(libinit2.o)
    0x080001a2   0x080001a2   0x00000000   Code   RO         5757    .ARM.Collect$$libinit$$00000013  c_w.l(libinit2.o)
    0x080001a2   0x080001a2   0x00000000   Code   RO         5759    .ARM.Collect$$libinit$$00000015  c_w.l(libinit2.o)
    0x080001a2   0x080001a2   0x00000000   Code   RO         5761    .ARM.Collect$$libinit$$00000017  c_w.l(libinit2.o)
    0x080001a2   0x080001a2   0x00000000   Code   RO         5763    .ARM.Collect$$libinit$$00000019  c_w.l(libinit2.o)
    0x080001a2   0x080001a2   0x00000000   Code   RO         5765    .ARM.Collect$$libinit$$0000001B  c_w.l(libinit2.o)
    0x080001a2   0x080001a2   0x00000000   Code   RO         5767    .ARM.Collect$$libinit$$0000001D  c_w.l(libinit2.o)
    0x080001a2   0x080001a2   0x00000000   Code   RO         5769    .ARM.Collect$$libinit$$0000001F  c_w.l(libinit2.o)
    0x080001a2   0x080001a2   0x00000000   Code   RO         5771    .ARM.Collect$$libinit$$00000021  c_w.l(libinit2.o)
    0x080001a2   0x080001a2   0x00000000   Code   RO         5773    .ARM.Collect$$libinit$$00000023  c_w.l(libinit2.o)
    0x080001a2   0x080001a2   0x00000000   Code   RO         5775    .ARM.Collect$$libinit$$00000025  c_w.l(libinit2.o)
    0x080001a2   0x080001a2   0x00000000   Code   RO         5779    .ARM.Collect$$libinit$$0000002C  c_w.l(libinit2.o)
    0x080001a2   0x080001a2   0x00000000   Code   RO         5781    .ARM.Collect$$libinit$$0000002E  c_w.l(libinit2.o)
    0x080001a2   0x080001a2   0x00000000   Code   RO         5783    .ARM.Collect$$libinit$$00000030  c_w.l(libinit2.o)
    0x080001a2   0x080001a2   0x00000000   Code   RO         5785    .ARM.Collect$$libinit$$00000032  c_w.l(libinit2.o)
    0x080001a2   0x080001a2   0x00000002   Code   RO         5786    .ARM.Collect$$libinit$$00000033  c_w.l(libinit2.o)
    0x080001a4   0x080001a4   0x00000002   Code   RO         5806    .ARM.Collect$$libshutdown$$00000000  c_w.l(libshutdown.o)
    0x080001a6   0x080001a6   0x00000000   Code   RO         5819    .ARM.Collect$$libshutdown$$00000002  c_w.l(libshutdown2.o)
    0x080001a6   0x080001a6   0x00000000   Code   RO         5821    .ARM.Collect$$libshutdown$$00000004  c_w.l(libshutdown2.o)
    0x080001a6   0x080001a6   0x00000000   Code   RO         5824    .ARM.Collect$$libshutdown$$00000007  c_w.l(libshutdown2.o)
    0x080001a6   0x080001a6   0x00000000   Code   RO         5827    .ARM.Collect$$libshutdown$$0000000A  c_w.l(libshutdown2.o)
    0x080001a6   0x080001a6   0x00000000   Code   RO         5829    .ARM.Collect$$libshutdown$$0000000C  c_w.l(libshutdown2.o)
    0x080001a6   0x080001a6   0x00000000   Code   RO         5832    .ARM.Collect$$libshutdown$$0000000F  c_w.l(libshutdown2.o)
    0x080001a6   0x080001a6   0x00000002   Code   RO         5833    .ARM.Collect$$libshutdown$$00000010  c_w.l(libshutdown2.o)
    0x080001a8   0x080001a8   0x00000000   Code   RO         5691    .ARM.Collect$$rtentry$$00000000  c_w.l(__rtentry.o)
    0x080001a8   0x080001a8   0x00000000   Code   RO         5707    .ARM.Collect$$rtentry$$00000002  c_w.l(__rtentry2.o)
    0x080001a8   0x080001a8   0x00000006   Code   RO         5719    .ARM.Collect$$rtentry$$00000004  c_w.l(__rtentry4.o)
    0x080001ae   0x080001ae   0x00000000   Code   RO         5709    .ARM.Collect$$rtentry$$00000009  c_w.l(__rtentry2.o)
    0x080001ae   0x080001ae   0x00000004   Code   RO         5710    .ARM.Collect$$rtentry$$0000000A  c_w.l(__rtentry2.o)
    0x080001b2   0x080001b2   0x00000000   Code   RO         5712    .ARM.Collect$$rtentry$$0000000C  c_w.l(__rtentry2.o)
    0x080001b2   0x080001b2   0x00000008   Code   RO         5713    .ARM.Collect$$rtentry$$0000000D  c_w.l(__rtentry2.o)
    0x080001ba   0x080001ba   0x00000002   Code   RO         5740    .ARM.Collect$$rtexit$$00000000  c_w.l(rtexit.o)
    0x080001bc   0x080001bc   0x00000000   Code   RO         5788    .ARM.Collect$$rtexit$$00000002  c_w.l(rtexit2.o)
    0x080001bc   0x080001bc   0x00000004   Code   RO         5789    .ARM.Collect$$rtexit$$00000003  c_w.l(rtexit2.o)
    0x080001c0   0x080001c0   0x00000006   Code   RO         5790    .ARM.Collect$$rtexit$$00000004  c_w.l(rtexit2.o)
    0x080001c6   0x080001c6   0x00000002   PAD
    0x080001c8   0x080001c8   0x00000040   Code   RO            4    .text               startup_stm32f103xb.o
    0x08000208   0x08000208   0x00000048   Code   RO         5665    .text               c_w.l(strcpy.o)
    0x08000250   0x08000250   0x00000064   Code   RO         5667    .text               c_w.l(rt_memcpy_w.o)
    0x080002b4   0x080002b4   0x0000004e   Code   RO         5671    .text               c_w.l(rt_memclr_w.o)
    0x08000302   0x08000302   0x00000006   Code   RO         5673    .text               c_w.l(heapauxi.o)
    0x08000308   0x08000308   0x0000004a   Code   RO         5725    .text               c_w.l(sys_stackheap_outer.o)
    0x08000352   0x08000352   0x00000012   Code   RO         5727    .text               c_w.l(exit.o)
    0x08000364   0x08000364   0x00000008   Code   RO         5737    .text               c_w.l(libspace.o)
    0x0800036c   0x0800036c   0x0000000c   Code   RO         5798    .text               c_w.l(sys_exit.o)
    0x08000378   0x08000378   0x00000002   Code   RO         5809    .text               c_w.l(use_no_semi.o)
    0x0800037a   0x0800037a   0x00000000   Code   RO         5811    .text               c_w.l(indicate_semi.o)
    0x0800037a   0x0800037a   0x00000002   PAD
    0x0800037c   0x0800037c   0x00000056   Code   RO          367    i.ADC_ConversionStop_Disable  stm32f1xx_hal_adc.o
    0x080003d2   0x080003d2   0x00000002   PAD
    0x080003d4   0x080003d4   0x00000020   Code   RO         4437    i.AlarmApp_turn_off  alarm_app.o
    0x080003f4   0x080003f4   0x00000002   Code   RO          177    i.BusFault_Handler  stm32f1xx_it.o
    0x080003f6   0x080003f6   0x00000012   Code   RO         4741    i.DS1307_DecodeBCD  ds1307.o
    0x08000408   0x08000408   0x00000016   Code   RO         4742    i.DS1307_EncodeBCD  ds1307.o
    0x0800041e   0x0800041e   0x0000000c   Code   RO         4743    i.DS1307_GetClockHalt  ds1307.o
    0x0800042a   0x0800042a   0x00000002   PAD
    0x0800042c   0x0800042c   0x00000030   Code   RO         4744    i.DS1307_GetRegByte  ds1307.o
    0x0800045c   0x0800045c   0x00000020   Code   RO         4745    i.DS1307_SetClockHalt  ds1307.o
    0x0800047c   0x0800047c   0x00000024   Code   RO         4748    i.DS1307_SetRegByte  ds1307.o
    0x080004a0   0x080004a0   0x00000010   Code   RO         4922    i.DS18B20_Init      ds18b20.o
    0x080004b0   0x080004b0   0x00000052   Code   RO         4923    i.DS18B20_Read      ds18b20.o
    0x08000502   0x08000502   0x00000002   PAD
    0x08000504   0x08000504   0x000000ac   Code   RO         4924    i.DS18B20_ReadTemp  ds18b20.o
    0x080005b0   0x080005b0   0x00000048   Code   RO         4925    i.DS18B20_Start     ds18b20.o
    0x080005f8   0x080005f8   0x0000006a   Code   RO         4926    i.DS18B20_Write     ds18b20.o
    0x08000662   0x08000662   0x00000002   Code   RO          178    i.DebugMon_Handler  stm32f1xx_it.o
    0x08000664   0x08000664   0x000000fc   Code   RO          373    i.HAL_ADC_ConfigChannel  stm32f1xx_hal_adc.o
    0x08000760   0x08000760   0x0000011c   Code   RO          382    i.HAL_ADC_Init      stm32f1xx_hal_adc.o
    0x0800087c   0x0800087c   0x00000088   Code   RO          260    i.HAL_ADC_MspInit   stm32f1xx_hal_msp.o
    0x08000904   0x08000904   0x00000024   Code   RO          650    i.HAL_Delay         stm32f1xx_hal.o
    0x08000928   0x08000928   0x000001e0   Code   RO          958    i.HAL_GPIO_Init     stm32f1xx_hal_gpio.o
    0x08000b08   0x08000b08   0x0000000a   Code   RO          960    i.HAL_GPIO_ReadPin  stm32f1xx_hal_gpio.o
    0x08000b12   0x08000b12   0x00000010   Code   RO          961    i.HAL_GPIO_TogglePin  stm32f1xx_hal_gpio.o
    0x08000b22   0x08000b22   0x0000000a   Code   RO          962    i.HAL_GPIO_WritePin  stm32f1xx_hal_gpio.o
    0x08000b2c   0x08000b2c   0x0000000c   Code   RO          654    i.HAL_GetTick       stm32f1xx_hal.o
    0x08000b38   0x08000b38   0x00000188   Code   RO         1629    i.HAL_I2C_Init      stm32f1xx_hal_i2c.o
    0x08000cc0   0x08000cc0   0x0000016c   Code   RO         1630    i.HAL_I2C_IsDeviceReady  stm32f1xx_hal_i2c.o
    0x08000e2c   0x08000e2c   0x00000244   Code   RO         1635    i.HAL_I2C_Master_Receive  stm32f1xx_hal_i2c.o
    0x08001070   0x08001070   0x0000012c   Code   RO         1642    i.HAL_I2C_Master_Transmit  stm32f1xx_hal_i2c.o
    0x0800119c   0x0800119c   0x00000250   Code   RO         1647    i.HAL_I2C_Mem_Read  stm32f1xx_hal_i2c.o
    0x080013ec   0x080013ec   0x00000130   Code   RO         1650    i.HAL_I2C_Mem_Write  stm32f1xx_hal_i2c.o
    0x0800151c   0x0800151c   0x0000005c   Code   RO          262    i.HAL_I2C_MspInit   stm32f1xx_hal_msp.o
    0x08001578   0x08001578   0x00000010   Code   RO          660    i.HAL_IncTick       stm32f1xx_hal.o
    0x08001588   0x08001588   0x00000024   Code   RO          661    i.HAL_Init          stm32f1xx_hal.o
    0x080015ac   0x080015ac   0x00000040   Code   RO          662    i.HAL_InitTick      stm32f1xx_hal.o
    0x080015ec   0x080015ec   0x0000003c   Code   RO          263    i.HAL_MspInit       stm32f1xx_hal_msp.o
    0x08001628   0x08001628   0x0000001a   Code   RO         1118    i.HAL_NVIC_EnableIRQ  stm32f1xx_hal_cortex.o
    0x08001642   0x08001642   0x00000002   PAD
    0x08001644   0x08001644   0x00000040   Code   RO         1124    i.HAL_NVIC_SetPriority  stm32f1xx_hal_cortex.o
    0x08001684   0x08001684   0x00000024   Code   RO         1125    i.HAL_NVIC_SetPriorityGrouping  stm32f1xx_hal_cortex.o
    0x080016a8   0x080016a8   0x000000ec   Code   RO          921    i.HAL_RCCEx_PeriphCLKConfig  stm32f1xx_hal_rcc_ex.o
    0x08001794   0x08001794   0x0000012c   Code   RO          818    i.HAL_RCC_ClockConfig  stm32f1xx_hal_rcc.o
    0x080018c0   0x080018c0   0x00000020   Code   RO          825    i.HAL_RCC_GetPCLK1Freq  stm32f1xx_hal_rcc.o
    0x080018e0   0x080018e0   0x00000020   Code   RO          826    i.HAL_RCC_GetPCLK2Freq  stm32f1xx_hal_rcc.o
    0x08001900   0x08001900   0x0000006c   Code   RO          827    i.HAL_RCC_GetSysClockFreq  stm32f1xx_hal_rcc.o
    0x0800196c   0x0800196c   0x00000320   Code   RO          830    i.HAL_RCC_OscConfig  stm32f1xx_hal_rcc.o
    0x08001c8c   0x08001c8c   0x00000028   Code   RO         1129    i.HAL_SYSTICK_Config  stm32f1xx_hal_cortex.o
    0x08001cb4   0x08001cb4   0x00000002   Code   RO         2756    i.HAL_TIMEx_BreakCallback  stm32f1xx_hal_tim_ex.o
    0x08001cb6   0x08001cb6   0x00000002   Code   RO         2757    i.HAL_TIMEx_CommutCallback  stm32f1xx_hal_tim_ex.o
    0x08001cb8   0x08001cb8   0x00000068   Code   RO         2775    i.HAL_TIMEx_MasterConfigSynchronization  stm32f1xx_hal_tim_ex.o
    0x08001d20   0x08001d20   0x0000005a   Code   RO         2052    i.HAL_TIM_Base_Init  stm32f1xx_hal_tim.o
    0x08001d7a   0x08001d7a   0x00000002   PAD
    0x08001d7c   0x08001d7c   0x00000050   Code   RO          265    i.HAL_TIM_Base_MspInit  stm32f1xx_hal_msp.o
    0x08001dcc   0x08001dcc   0x00000050   Code   RO         2055    i.HAL_TIM_Base_Start  stm32f1xx_hal_tim.o
    0x08001e1c   0x08001e1c   0x00000058   Code   RO         2057    i.HAL_TIM_Base_Start_IT  stm32f1xx_hal_tim.o
    0x08001e74   0x08001e74   0x000000d6   Code   RO         2061    i.HAL_TIM_ConfigClockSource  stm32f1xx_hal_tim.o
    0x08001f4a   0x08001f4a   0x00000002   Code   RO         2086    i.HAL_TIM_IC_CaptureCallback  stm32f1xx_hal_tim.o
    0x08001f4c   0x08001f4c   0x00000166   Code   RO         2100    i.HAL_TIM_IRQHandler  stm32f1xx_hal_tim.o
    0x080020b2   0x080020b2   0x00000002   Code   RO         2103    i.HAL_TIM_OC_DelayElapsedCallback  stm32f1xx_hal_tim.o
    0x080020b4   0x080020b4   0x00000002   Code   RO         2130    i.HAL_TIM_PWM_PulseFinishedCallback  stm32f1xx_hal_tim.o
    0x080020b6   0x080020b6   0x00000002   PAD
    0x080020b8   0x080020b8   0x000000a4   Code   RO         3418    i.HAL_TIM_PeriodElapsedCallback  global.o
    0x0800215c   0x0800215c   0x00000002   Code   RO         2143    i.HAL_TIM_TriggerCallback  stm32f1xx_hal_tim.o
    0x0800215e   0x0800215e   0x00000062   Code   RO         3052    i.HAL_UART_Init     stm32f1xx_hal_uart.o
    0x080021c0   0x080021c0   0x00000070   Code   RO          267    i.HAL_UART_MspInit  stm32f1xx_hal_msp.o
    0x08002230   0x08002230   0x0000002a   Code   RO         3057    i.HAL_UART_Receive_IT  stm32f1xx_hal_uart.o
    0x0800225a   0x0800225a   0x00000002   PAD
    0x0800225c   0x0800225c   0x000000b2   Code   RO         3060    i.HAL_UART_Transmit  stm32f1xx_hal_uart.o
    0x0800230e   0x0800230e   0x00000002   Code   RO          179    i.HardFault_Handler  stm32f1xx_it.o
    0x08002310   0x08002310   0x0000002e   Code   RO         1671    i.I2C_IsAcknowledgeFailed  stm32f1xx_hal_i2c.o
    0x0800233e   0x0800233e   0x00000002   PAD
    0x08002340   0x08002340   0x000000ec   Code   RO         1674    i.I2C_MasterRequestRead  stm32f1xx_hal_i2c.o
    0x0800242c   0x0800242c   0x0000009c   Code   RO         1675    i.I2C_MasterRequestWrite  stm32f1xx_hal_i2c.o
    0x080024c8   0x080024c8   0x000000fc   Code   RO         1681    i.I2C_RequestMemoryRead  stm32f1xx_hal_i2c.o
    0x080025c4   0x080025c4   0x000000a8   Code   RO         1682    i.I2C_RequestMemoryWrite  stm32f1xx_hal_i2c.o
    0x0800266c   0x0800266c   0x0000004c   Code   RO         1686    i.I2C_WaitOnBTFFlagUntilTimeout  stm32f1xx_hal_i2c.o
    0x080026b8   0x080026b8   0x00000068   Code   RO         1687    i.I2C_WaitOnFlagUntilTimeout  stm32f1xx_hal_i2c.o
    0x08002720   0x08002720   0x00000096   Code   RO         1688    i.I2C_WaitOnMasterAddressFlagUntilTimeout  stm32f1xx_hal_i2c.o
    0x080027b6   0x080027b6   0x00000066   Code   RO         1689    i.I2C_WaitOnRXNEFlagUntilTimeout  stm32f1xx_hal_i2c.o
    0x0800281c   0x0800281c   0x0000004c   Code   RO         1690    i.I2C_WaitOnTXEFlagUntilTimeout  stm32f1xx_hal_i2c.o
    0x08002868   0x08002868   0x0000004c   Code   RO           14    i.MX_ADC1_Init      main.o
    0x080028b4   0x080028b4   0x0000004c   Code   RO           15    i.MX_ADC2_Init      main.o
    0x08002900   0x08002900   0x00000090   Code   RO           16    i.MX_GPIO_Init      main.o
    0x08002990   0x08002990   0x00000068   Code   RO           17    i.MX_TIM1_Init      main.o
    0x080029f8   0x080029f8   0x00000068   Code   RO           18    i.MX_TIM2_Init      main.o
    0x08002a60   0x08002a60   0x00000002   Code   RO          180    i.MemManage_Handler  stm32f1xx_it.o
    0x08002a62   0x08002a62   0x00000002   Code   RO          181    i.NMI_Handler       stm32f1xx_it.o
    0x08002a64   0x08002a64   0x00000002   Code   RO          182    i.PendSV_Handler    stm32f1xx_it.o
    0x08002a66   0x08002a66   0x00000002   Code   RO          183    i.SVC_Handler       stm32f1xx_it.o
    0x08002a68   0x08002a68   0x00000016   Code   RO         4927    i.Set_Pin_Input     ds18b20.o
    0x08002a7e   0x08002a7e   0x00000018   Code   RO         4928    i.Set_Pin_Output    ds18b20.o
    0x08002a96   0x08002a96   0x00000004   Code   RO          184    i.SysTick_Handler   stm32f1xx_it.o
    0x08002a9a   0x08002a9a   0x00000078   Code   RO           19    i.SystemClock_Config  main.o
    0x08002b12   0x08002b12   0x00000002   Code   RO         3381    i.SystemInit        system_stm32f1xx.o
    0x08002b14   0x08002b14   0x0000000c   Code   RO          185    i.TIM1_UP_IRQHandler  stm32f1xx_it.o
    0x08002b20   0x08002b20   0x0000006c   Code   RO         2145    i.TIM_Base_SetConfig  stm32f1xx_hal_tim.o
    0x08002b8c   0x08002b8c   0x00000014   Code   RO         2156    i.TIM_ETR_SetConfig  stm32f1xx_hal_tim.o
    0x08002ba0   0x08002ba0   0x00000010   Code   RO         2157    i.TIM_ITRx_SetConfig  stm32f1xx_hal_tim.o
    0x08002bb0   0x08002bb0   0x00000022   Code   RO         2163    i.TIM_TI1_ConfigInputStage  stm32f1xx_hal_tim.o
    0x08002bd2   0x08002bd2   0x00000024   Code   RO         2165    i.TIM_TI2_ConfigInputStage  stm32f1xx_hal_tim.o
    0x08002bf6   0x08002bf6   0x00000002   PAD
    0x08002bf8   0x08002bf8   0x000000b8   Code   RO         3078    i.UART_SetConfig    stm32f1xx_hal_uart.o
    0x08002cb0   0x08002cb0   0x00000036   Code   RO         3080    i.UART_Start_Receive_IT  stm32f1xx_hal_uart.o
    0x08002ce6   0x08002ce6   0x00000064   Code   RO         3081    i.UART_WaitOnFlagUntilTimeout  stm32f1xx_hal_uart.o
    0x08002d4a   0x08002d4a   0x00000002   Code   RO          186    i.UsageFault_Handler  stm32f1xx_it.o
    0x08002d4c   0x08002d4c   0x00000020   Code   RO         1131    i.__NVIC_SetPriority  stm32f1xx_hal_cortex.o
    0x08002d6c   0x08002d6c   0x00000058   Code   RO         4438    i.alarmApp_find     alarm_app.o
    0x08002dc4   0x08002dc4   0x0000002c   Code   RO         4439    i.alarmApp_handle_loop  alarm_app.o
    0x08002df0   0x08002df0   0x0000000c   Code   RO         4440    i.alarmApp_init     alarm_app.o
    0x08002dfc   0x08002dfc   0x00000058   Code   RO         3915    i.alarm_button_decre_fast  ds1307_button_app.o
    0x08002e54   0x08002e54   0x00000058   Code   RO         3916    i.alarm_button_incre_fast  ds1307_button_app.o
    0x08002eac   0x08002eac   0x00000084   Code   RO         3917    i.alarm_button_slow  ds1307_button_app.o
    0x08002f30   0x08002f30   0x00000028   Code   RO         3918    i.alarm_edit_decre  ds1307_button_app.o
    0x08002f58   0x08002f58   0x0000002a   Code   RO         3919    i.alarm_edit_incre  ds1307_button_app.o
    0x08002f82   0x08002f82   0x0000002e   Code   RO         4251    i.alarm_read        ee_app.o
    0x08002fb0   0x08002fb0   0x0000001a   Code   RO         3920    i.alarm_update_decre  ds1307_button_app.o
    0x08002fca   0x08002fca   0x0000001a   Code   RO         3921    i.alarm_update_incre  ds1307_button_app.o
    0x08002fe4   0x08002fe4   0x00000060   Code   RO         3562    i.buttonApp_init    button_app.o
    0x08003044   0x08003044   0x00000066   Code   RO         5059    i.button_check_press_interrupt  button.o
    0x080030aa   0x080030aa   0x0000000e   Code   RO         5061    i.button_init       button.o
    0x080030b8   0x080030b8   0x00000010   Code   RO         5062    i.button_keep       button.o
    0x080030c8   0x080030c8   0x0000002c   Code   RO         5063    i.button_notify     button.o
    0x080030f4   0x080030f4   0x00000026   Code   RO         5064    i.button_press      button.o
    0x0800311a   0x0800311a   0x00000014   Code   RO         5065    i.button_release_fast  button.o
    0x0800312e   0x0800312e   0x0000001a   Code   RO         5066    i.button_release_long_slow  button.o
    0x08003148   0x08003148   0x00000018   Code   RO         5067    i.button_release_slow  button.o
    0x08003160   0x08003160   0x0000002a   Code   RO         3645    i.buzzerLedApp_but_noti_inter  buzzer_led_app.o
    0x0800318a   0x0800318a   0x0000002e   Code   RO         4485    i.buzzer_call_blink_interrupt  buzzer.o
    0x080031b8   0x080031b8   0x00000018   Code   RO         4486    i.buzzer_init       buzzer.o
    0x080031d0   0x080031d0   0x00000008   Code   RO         4487    i.buzzer_set_number_call  buzzer.o
    0x080031d8   0x080031d8   0x0000000c   Code   RO         4488    i.buzzer_write      buzzer.o
    0x080031e4   0x080031e4   0x00000038   Code   RO         5191    i.content_1_1_choose  lcd_menu.o
    0x0800321c   0x0800321c   0x00000038   Code   RO         5192    i.content_1_1_display  lcd_menu.o
    0x08003254   0x08003254   0x00000038   Code   RO         5193    i.content_1_2_choose  lcd_menu.o
    0x0800328c   0x0800328c   0x00000038   Code   RO         5194    i.content_1_2_display  lcd_menu.o
    0x080032c4   0x080032c4   0x00000038   Code   RO         5195    i.content_1_3_choose  lcd_menu.o
    0x080032fc   0x080032fc   0x00000038   Code   RO         5196    i.content_1_3_display  lcd_menu.o
    0x08003334   0x08003334   0x00000038   Code   RO         5197    i.content_1_4_choose  lcd_menu.o
    0x0800336c   0x0800336c   0x00000034   Code   RO         5198    i.content_1_4_display  lcd_menu.o
    0x080033a0   0x080033a0   0x00000024   Code   RO         3922    i.date_edit_decre   ds1307_button_app.o
    0x080033c4   0x080033c4   0x00000032   Code   RO         3923    i.date_edit_incre   ds1307_button_app.o
    0x080033f6   0x080033f6   0x00000002   PAD
    0x080033f8   0x080033f8   0x00000018   Code   RO         4929    i.delay             ds18b20.o
    0x08003410   0x08003410   0x00000030   Code   RO         3563    i.down_buttonApp_Fast  button_app.o
    0x08003440   0x08003440   0x00000004   Code   RO         3564    i.down_buttonApp_Keep  button_app.o
    0x08003444   0x08003444   0x00000002   Code   RO         3565    i.down_buttonApp_Long_Slow  button_app.o
    0x08003446   0x08003446   0x00000004   Code   RO         3566    i.down_buttonApp_Slow  button_app.o
    0x0800344a   0x0800344a   0x00000002   PAD
    0x0800344c   0x0800344c   0x00000040   Code   RO         5068    i.down_button_handle_loop  button.o
    0x0800348c   0x0800348c   0x0000000c   Code   RO         5069    i.down_button_set_handle_fast  button.o
    0x08003498   0x08003498   0x0000000c   Code   RO         5070    i.down_button_set_handle_keep  button.o
    0x080034a4   0x080034a4   0x0000000c   Code   RO         5071    i.down_button_set_handle_long_slow  button.o
    0x080034b0   0x080034b0   0x0000000c   Code   RO         5072    i.down_button_set_handle_slow  button.o
    0x080034bc   0x080034bc   0x0000000c   Code   RO         4009    i.ds1307App_init    ds1307_lcd_app.o
    0x080034c8   0x080034c8   0x00000020   Code   RO         4010    i.ds1307App_lcd_edit_24Mode  ds1307_lcd_app.o
    0x080034e8   0x080034e8   0x0000003c   Code   RO         4011    i.ds1307App_lcd_edit_alarm  ds1307_lcd_app.o
    0x08003524   0x08003524   0x00000044   Code   RO         4012    i.ds1307App_lcd_edit_date  ds1307_lcd_app.o
    0x08003568   0x08003568   0x0000003c   Code   RO         4013    i.ds1307App_lcd_edit_pulse  ds1307_lcd_app.o
    0x080035a4   0x080035a4   0x00000030   Code   RO         4014    i.ds1307App_lcd_edit_time  ds1307_lcd_app.o
    0x080035d4   0x080035d4   0x0000005c   Code   RO         4015    i.ds1307App_lcd_update_24Mode  ds1307_lcd_app.o
    0x08003630   0x08003630   0x00000090   Code   RO         4016    i.ds1307App_lcd_update_alarm  ds1307_lcd_app.o
    0x080036c0   0x080036c0   0x000000c0   Code   RO         4017    i.ds1307App_lcd_update_date  ds1307_lcd_app.o
    0x08003780   0x08003780   0x00000024   Code   RO         4018    i.ds1307App_lcd_update_edit_24Mode  ds1307_lcd_app.o
    0x080037a4   0x080037a4   0x0000002c   Code   RO         4019    i.ds1307App_lcd_update_edit_alarm_1  ds1307_lcd_app.o
    0x080037d0   0x080037d0   0x0000002c   Code   RO         4020    i.ds1307App_lcd_update_edit_alarm_2  ds1307_lcd_app.o
    0x080037fc   0x080037fc   0x0000002c   Code   RO         4021    i.ds1307App_lcd_update_edit_alarm_3  ds1307_lcd_app.o
    0x08003828   0x08003828   0x00000034   Code   RO         4022    i.ds1307App_lcd_update_edit_alarm_4  ds1307_lcd_app.o
    0x0800385c   0x0800385c   0x00000024   Code   RO         4023    i.ds1307App_lcd_update_edit_date  ds1307_lcd_app.o
    0x08003880   0x08003880   0x00000024   Code   RO         4024    i.ds1307App_lcd_update_edit_pulse  ds1307_lcd_app.o
    0x080038a4   0x080038a4   0x00000024   Code   RO         4025    i.ds1307App_lcd_update_edit_time  ds1307_lcd_app.o
    0x080038c8   0x080038c8   0x000000f8   Code   RO         4026    i.ds1307App_lcd_update_pulse  ds1307_lcd_app.o
    0x080039c0   0x080039c0   0x00000090   Code   RO         4027    i.ds1307App_lcd_update_time  ds1307_lcd_app.o
    0x08003a50   0x08003a50   0x00000074   Code   RO         4028    i.ds1307LcdApp_alarm_basic  ds1307_lcd_app.o
    0x08003ac4   0x08003ac4   0x00000030   Code   RO         4749    i.ds1307_get_all    ds1307.o
    0x08003af4   0x08003af4   0x00000010   Code   RO         4750    i.ds1307_get_date   ds1307.o
    0x08003b04   0x08003b04   0x00000010   Code   RO         4751    i.ds1307_get_day_of_week  ds1307.o
    0x08003b14   0x08003b14   0x00000014   Code   RO         4753    i.ds1307_get_hour   ds1307.o
    0x08003b28   0x08003b28   0x00000010   Code   RO         4754    i.ds1307_get_minute  ds1307.o
    0x08003b38   0x08003b38   0x00000010   Code   RO         4755    i.ds1307_get_month  ds1307.o
    0x08003b48   0x08003b48   0x00000014   Code   RO         4756    i.ds1307_get_second  ds1307.o
    0x08003b5c   0x08003b5c   0x0000001c   Code   RO         4759    i.ds1307_get_year   ds1307.o
    0x08003b78   0x08003b78   0x00000010   Code   RO         4760    i.ds1307_init       ds1307.o
    0x08003b88   0x08003b88   0x00000012   Code   RO         4762    i.ds1307_set_day    ds1307.o
    0x08003b9a   0x08003b9a   0x00000012   Code   RO         4763    i.ds1307_set_day_of_week  ds1307.o
    0x08003bac   0x08003bac   0x00000016   Code   RO         4764    i.ds1307_set_hour   ds1307.o
    0x08003bc2   0x08003bc2   0x00000012   Code   RO         4765    i.ds1307_set_minute  ds1307.o
    0x08003bd4   0x08003bd4   0x00000012   Code   RO         4766    i.ds1307_set_month  ds1307.o
    0x08003be6   0x08003be6   0x0000001a   Code   RO         4767    i.ds1307_set_second  ds1307.o
    0x08003c00   0x08003c00   0x0000002a   Code   RO         4769    i.ds1307_set_year   ds1307.o
    0x08003c2a   0x08003c2a   0x00000002   PAD
    0x08003c2c   0x08003c2c   0x00000020   Code   RO         4533    i.ee24_available    ee.o
    0x08003c4c   0x08003c4c   0x0000000c   Code   RO         4536    i.ee24_init         ee.o
    0x08003c58   0x08003c58   0x00000034   Code   RO         4537    i.ee24_read         ee.o
    0x08003c8c   0x08003c8c   0x00000084   Code   RO         4538    i.ee24_write        ee.o
    0x08003d10   0x08003d10   0x0000004c   Code   RO         4252    i.eeApp_alarm_read  ee_app.o
    0x08003d5c   0x08003d5c   0x00000034   Code   RO         4253    i.eeApp_ds1307_read  ee_app.o
    0x08003d90   0x08003d90   0x00000120   Code   RO         4254    i.eeApp_ds1307_write  ee_app.o
    0x08003eb0   0x08003eb0   0x00000034   Code   RO         4255    i.eeApp_ds18b20_read  ee_app.o
    0x08003ee4   0x08003ee4   0x00000038   Code   RO         4256    i.eeApp_ds18b20_write  ee_app.o
    0x08003f1c   0x08003f1c   0x00000012   Code   RO         4257    i.eeApp_handle_loop  ee_app.o
    0x08003f2e   0x08003f2e   0x00000002   PAD
    0x08003f30   0x08003f30   0x0000000c   Code   RO         4258    i.eeApp_init        ee_app.o
    0x08003f3c   0x08003f3c   0x00000016   Code   RO         4259    i.eeApp_start       ee_app.o
    0x08003f52   0x08003f52   0x00000002   PAD
    0x08003f54   0x08003f54   0x00000028   Code   RO         4260    i.eeApp_uart_read   ee_app.o
    0x08003f7c   0x08003f7c   0x0000002c   Code   RO         4261    i.eeApp_uart_write  ee_app.o
    0x08003fa8   0x08003fa8   0x00000018   Code   RO         3420    i.global_button     global.o
    0x08003fc0   0x08003fc0   0x00000040   Code   RO         3421    i.global_ds1307     global.o
    0x08004000   0x08004000   0x00000018   Code   RO         3422    i.global_dsTemp     global.o
    0x08004018   0x08004018   0x00000018   Code   RO         3423    i.global_ee         global.o
    0x08004030   0x08004030   0x00000164   Code   RO         3424    i.global_init       global.o
    0x08004194   0x08004194   0x00000018   Code   RO         3425    i.global_lcd        global.o
    0x080041ac   0x080041ac   0x0000001a   Code   RO         3426    i.global_loop       global.o
    0x080041c6   0x080041c6   0x00000002   PAD
    0x080041c8   0x080041c8   0x00000028   Code   RO         3427    i.global_start      global.o
    0x080041f0   0x080041f0   0x00000004   Code   RO         5020    i.gpio_read         gpio_stm32.o
    0x080041f4   0x080041f4   0x00000004   Code   RO         5021    i.gpio_toggle       gpio_stm32.o
    0x080041f8   0x080041f8   0x00000004   Code   RO         5022    i.gpio_write        gpio_stm32.o
    0x080041fc   0x080041fc   0x00000036   Code   RO         3669    i.lcdMenuApp_content_0  lcd_menu_app.o
    0x08004232   0x08004232   0x00000002   PAD
    0x08004234   0x08004234   0x00000070   Code   RO         3670    i.lcdMenuApp_content_1_1  lcd_menu_app.o
    0x080042a4   0x080042a4   0x00000070   Code   RO         3671    i.lcdMenuApp_content_1_1_1  lcd_menu_app.o
    0x08004314   0x08004314   0x00000034   Code   RO         3672    i.lcdMenuApp_content_1_1_1_choose  lcd_menu_app.o
    0x08004348   0x08004348   0x00000070   Code   RO         3673    i.lcdMenuApp_content_1_1_2  lcd_menu_app.o
    0x080043b8   0x080043b8   0x00000034   Code   RO         3674    i.lcdMenuApp_content_1_1_2_choose  lcd_menu_app.o
    0x080043ec   0x080043ec   0x00000070   Code   RO         3675    i.lcdMenuApp_content_1_1_3  lcd_menu_app.o
    0x0800445c   0x0800445c   0x00000034   Code   RO         3676    i.lcdMenuApp_content_1_1_3_choose  lcd_menu_app.o
    0x08004490   0x08004490   0x00000070   Code   RO         3677    i.lcdMenuApp_content_1_1_4  lcd_menu_app.o
    0x08004500   0x08004500   0x00000034   Code   RO         3678    i.lcdMenuApp_content_1_1_4_choose  lcd_menu_app.o
    0x08004534   0x08004534   0x00000070   Code   RO         3679    i.lcdMenuApp_content_1_2  lcd_menu_app.o
    0x080045a4   0x080045a4   0x00000070   Code   RO         3680    i.lcdMenuApp_content_1_2_1  lcd_menu_app.o
    0x08004614   0x08004614   0x00000034   Code   RO         3681    i.lcdMenuApp_content_1_2_1_choose  lcd_menu_app.o
    0x08004648   0x08004648   0x00000070   Code   RO         3682    i.lcdMenuApp_content_1_2_2  lcd_menu_app.o
    0x080046b8   0x080046b8   0x00000034   Code   RO         3683    i.lcdMenuApp_content_1_2_2_choose  lcd_menu_app.o
    0x080046ec   0x080046ec   0x00000070   Code   RO         3684    i.lcdMenuApp_content_1_2_3  lcd_menu_app.o
    0x0800475c   0x0800475c   0x00000034   Code   RO         3685    i.lcdMenuApp_content_1_2_3_choose  lcd_menu_app.o
    0x08004790   0x08004790   0x00000070   Code   RO         3686    i.lcdMenuApp_content_1_2_4  lcd_menu_app.o
    0x08004800   0x08004800   0x00000034   Code   RO         3687    i.lcdMenuApp_content_1_2_4_choose  lcd_menu_app.o
    0x08004834   0x08004834   0x00000070   Code   RO         3688    i.lcdMenuApp_content_1_3  lcd_menu_app.o
    0x080048a4   0x080048a4   0x00000070   Code   RO         3689    i.lcdMenuApp_content_1_3_1  lcd_menu_app.o
    0x08004914   0x08004914   0x00000034   Code   RO         3690    i.lcdMenuApp_content_1_3_1_choose  lcd_menu_app.o
    0x08004948   0x08004948   0x00000070   Code   RO         3691    i.lcdMenuApp_content_1_3_2  lcd_menu_app.o
    0x080049b8   0x080049b8   0x00000034   Code   RO         3692    i.lcdMenuApp_content_1_3_2_choose  lcd_menu_app.o
    0x080049ec   0x080049ec   0x00000070   Code   RO         3693    i.lcdMenuApp_content_1_3_3  lcd_menu_app.o
    0x08004a5c   0x08004a5c   0x00000034   Code   RO         3694    i.lcdMenuApp_content_1_3_3_choose  lcd_menu_app.o
    0x08004a90   0x08004a90   0x00000070   Code   RO         3695    i.lcdMenuApp_content_1_3_4  lcd_menu_app.o
    0x08004b00   0x08004b00   0x00000034   Code   RO         3696    i.lcdMenuApp_content_1_3_4_choose  lcd_menu_app.o
    0x08004b34   0x08004b34   0x00000070   Code   RO         3697    i.lcdMenuApp_content_1_4  lcd_menu_app.o
    0x08004ba4   0x08004ba4   0x00000070   Code   RO         3698    i.lcdMenuApp_content_1_4_1  lcd_menu_app.o
    0x08004c14   0x08004c14   0x00000034   Code   RO         3699    i.lcdMenuApp_content_1_4_1_choose  lcd_menu_app.o
    0x08004c48   0x08004c48   0x00000070   Code   RO         3700    i.lcdMenuApp_content_1_4_2  lcd_menu_app.o
    0x08004cb8   0x08004cb8   0x00000034   Code   RO         3701    i.lcdMenuApp_content_1_4_2_choose  lcd_menu_app.o
    0x08004cec   0x08004cec   0x00000070   Code   RO         3702    i.lcdMenuApp_content_1_4_3  lcd_menu_app.o
    0x08004d5c   0x08004d5c   0x00000034   Code   RO         3703    i.lcdMenuApp_content_1_4_3_choose  lcd_menu_app.o
    0x08004d90   0x08004d90   0x00000070   Code   RO         3704    i.lcdMenuApp_content_1_4_4  lcd_menu_app.o
    0x08004e00   0x08004e00   0x00000034   Code   RO         3705    i.lcdMenuApp_content_1_4_4_choose  lcd_menu_app.o
    0x08004e34   0x08004e34   0x00000178   Code   RO         3706    i.lcdMenuApp_init   lcd_menu_app.o
    0x08004fac   0x08004fac   0x00000018   Code   RO         5199    i.lcdMenu_back_main  lcd_menu.o
    0x08004fc4   0x08004fc4   0x0000000c   Code   RO         5200    i.lcdMenu_change_row_1  lcd_menu.o
    0x08004fd0   0x08004fd0   0x0000000c   Code   RO         5201    i.lcdMenu_change_row_2  lcd_menu.o
    0x08004fdc   0x08004fdc   0x0000000c   Code   RO         5202    i.lcdMenu_change_row_3  lcd_menu.o
    0x08004fe8   0x08004fe8   0x0000000c   Code   RO         5203    i.lcdMenu_change_row_4  lcd_menu.o
    0x08004ff4   0x08004ff4   0x00000034   Code   RO         5204    i.lcdMenu_check_back  lcd_menu.o
    0x08005028   0x08005028   0x00000020   Code   RO         5205    i.lcdMenu_check_choose  lcd_menu.o
    0x08005048   0x08005048   0x0000003c   Code   RO         5206    i.lcdMenu_check_down  lcd_menu.o
    0x08005084   0x08005084   0x00000040   Code   RO         5207    i.lcdMenu_check_up  lcd_menu.o
    0x080050c4   0x080050c4   0x0000001c   Code   RO         5209    i.lcdMenu_delete_row_2  lcd_menu.o
    0x080050e0   0x080050e0   0x0000001c   Code   RO         5210    i.lcdMenu_delete_row_3  lcd_menu.o
    0x080050fc   0x080050fc   0x0000001c   Code   RO         5211    i.lcdMenu_delete_row_4  lcd_menu.o
    0x08005118   0x08005118   0x00000038   Code   RO         5212    i.lcdMenu_display   lcd_menu.o
    0x08005150   0x08005150   0x0000001e   Code   RO         5213    i.lcdMenu_handle_loop  lcd_menu.o
    0x0800516e   0x0800516e   0x00000002   PAD
    0x08005170   0x08005170   0x0000000c   Code   RO         5214    i.lcdMenu_init      lcd_menu.o
    0x0800517c   0x0800517c   0x00000018   Code   RO         5215    i.lcdMenu_level_0   lcd_menu.o
    0x08005194   0x08005194   0x00000038   Code   RO         5216    i.lcdMenu_level_1   lcd_menu.o
    0x080051cc   0x080051cc   0x00000028   Code   RO         5217    i.lcdMenu_level_2   lcd_menu.o
    0x080051f4   0x080051f4   0x00000028   Code   RO         5218    i.lcdMenu_level_3   lcd_menu.o
    0x0800521c   0x0800521c   0x00000016   Code   RO         5219    i.lcdMenu_move      lcd_menu.o
    0x08005232   0x08005232   0x00000002   PAD
    0x08005234   0x08005234   0x00000010   Code   RO         5220    i.lcdMenu_set_back  lcd_menu.o
    0x08005244   0x08005244   0x00000010   Code   RO         5221    i.lcdMenu_set_choose  lcd_menu.o
    0x08005254   0x08005254   0x0000000c   Code   RO         5222    i.lcdMenu_set_content_0  lcd_menu.o
    0x08005260   0x08005260   0x0000000c   Code   RO         5223    i.lcdMenu_set_content_1_1  lcd_menu.o
    0x0800526c   0x0800526c   0x0000000c   Code   RO         5224    i.lcdMenu_set_content_1_2  lcd_menu.o
    0x08005278   0x08005278   0x0000000c   Code   RO         5225    i.lcdMenu_set_content_1_3  lcd_menu.o
    0x08005284   0x08005284   0x0000000c   Code   RO         5226    i.lcdMenu_set_content_1_4  lcd_menu.o
    0x08005290   0x08005290   0x00000010   Code   RO         5227    i.lcdMenu_set_down  lcd_menu.o
    0x080052a0   0x080052a0   0x00000010   Code   RO         5228    i.lcdMenu_set_up    lcd_menu.o
    0x080052b0   0x080052b0   0x00000020   Code   RO         5229    i.lcdMenu_start     lcd_menu.o
    0x080052d0   0x080052d0   0x00000048   Code   RO         4622    i.lcd_goto_xy       lcd.o
    0x08005318   0x08005318   0x00000080   Code   RO         4623    i.lcd_init          lcd.o
    0x08005398   0x08005398   0x00000040   Code   RO         4624    i.lcd_send_cmd      lcd.o
    0x080053d8   0x080053d8   0x00000040   Code   RO         4625    i.lcd_send_data     lcd.o
    0x08005418   0x08005418   0x00000014   Code   RO         4628    i.lcd_send_string   lcd.o
    0x0800542c   0x0800542c   0x00000012   Code   RO         4629    i.lcd_send_string_goto_xy  lcd.o
    0x0800543e   0x0800543e   0x00000002   PAD
    0x08005440   0x08005440   0x0000000c   Code   RO         5230    i.ledMenu_set_content_1_1_1  lcd_menu.o
    0x0800544c   0x0800544c   0x0000000c   Code   RO         5231    i.ledMenu_set_content_1_1_1_choose  lcd_menu.o
    0x08005458   0x08005458   0x0000000c   Code   RO         5232    i.ledMenu_set_content_1_1_2  lcd_menu.o
    0x08005464   0x08005464   0x0000000c   Code   RO         5233    i.ledMenu_set_content_1_1_2_choose  lcd_menu.o
    0x08005470   0x08005470   0x0000000c   Code   RO         5234    i.ledMenu_set_content_1_1_3  lcd_menu.o
    0x0800547c   0x0800547c   0x0000000c   Code   RO         5235    i.ledMenu_set_content_1_1_3_choose  lcd_menu.o
    0x08005488   0x08005488   0x0000000c   Code   RO         5236    i.ledMenu_set_content_1_1_4  lcd_menu.o
    0x08005494   0x08005494   0x0000000c   Code   RO         5237    i.ledMenu_set_content_1_1_4_choose  lcd_menu.o
    0x080054a0   0x080054a0   0x0000000c   Code   RO         5238    i.ledMenu_set_content_1_2_1  lcd_menu.o
    0x080054ac   0x080054ac   0x0000000c   Code   RO         5239    i.ledMenu_set_content_1_2_1_choose  lcd_menu.o
    0x080054b8   0x080054b8   0x0000000c   Code   RO         5240    i.ledMenu_set_content_1_2_2  lcd_menu.o
    0x080054c4   0x080054c4   0x0000000c   Code   RO         5241    i.ledMenu_set_content_1_2_2_choose  lcd_menu.o
    0x080054d0   0x080054d0   0x0000000c   Code   RO         5242    i.ledMenu_set_content_1_2_3  lcd_menu.o
    0x080054dc   0x080054dc   0x0000000c   Code   RO         5243    i.ledMenu_set_content_1_2_3_choose  lcd_menu.o
    0x080054e8   0x080054e8   0x0000000c   Code   RO         5244    i.ledMenu_set_content_1_2_4  lcd_menu.o
    0x080054f4   0x080054f4   0x0000000c   Code   RO         5245    i.ledMenu_set_content_1_2_4_choose  lcd_menu.o
    0x08005500   0x08005500   0x0000000c   Code   RO         5246    i.ledMenu_set_content_1_3_1  lcd_menu.o
    0x0800550c   0x0800550c   0x0000000c   Code   RO         5247    i.ledMenu_set_content_1_3_1_choose  lcd_menu.o
    0x08005518   0x08005518   0x0000000c   Code   RO         5248    i.ledMenu_set_content_1_3_2  lcd_menu.o
    0x08005524   0x08005524   0x0000000c   Code   RO         5249    i.ledMenu_set_content_1_3_2_choose  lcd_menu.o
    0x08005530   0x08005530   0x0000000c   Code   RO         5250    i.ledMenu_set_content_1_3_3  lcd_menu.o
    0x0800553c   0x0800553c   0x0000000c   Code   RO         5251    i.ledMenu_set_content_1_3_3_choose  lcd_menu.o
    0x08005548   0x08005548   0x0000000c   Code   RO         5252    i.ledMenu_set_content_1_3_4  lcd_menu.o
    0x08005554   0x08005554   0x0000000c   Code   RO         5253    i.ledMenu_set_content_1_3_4_choose  lcd_menu.o
    0x08005560   0x08005560   0x0000000c   Code   RO         5254    i.ledMenu_set_content_1_4_1  lcd_menu.o
    0x0800556c   0x0800556c   0x0000000c   Code   RO         5255    i.ledMenu_set_content_1_4_1_choose  lcd_menu.o
    0x08005578   0x08005578   0x0000000c   Code   RO         5256    i.ledMenu_set_content_1_4_2  lcd_menu.o
    0x08005584   0x08005584   0x0000000c   Code   RO         5257    i.ledMenu_set_content_1_4_2_choose  lcd_menu.o
    0x08005590   0x08005590   0x0000000c   Code   RO         5258    i.ledMenu_set_content_1_4_3  lcd_menu.o
    0x0800559c   0x0800559c   0x0000000c   Code   RO         5259    i.ledMenu_set_content_1_4_3_choose  lcd_menu.o
    0x080055a8   0x080055a8   0x0000000c   Code   RO         5260    i.ledMenu_set_content_1_4_4  lcd_menu.o
    0x080055b4   0x080055b4   0x0000000c   Code   RO         5261    i.ledMenu_set_content_1_4_4_choose  lcd_menu.o
    0x080055c0   0x080055c0   0x0000000e   Code   RO         4697    i.led_init          led.o
    0x080055ce   0x080055ce   0x00000008   Code   RO         4698    i.led_toggle        led.o
    0x080055d6   0x080055d6   0x00000002   PAD
    0x080055d8   0x080055d8   0x00000094   Code   RO           20    i.main              main.o
    0x0800566c   0x0800566c   0x0000000c   Code   RO         4204    i.number_decre      temp_button_app.o
    0x08005678   0x08005678   0x00000012   Code   RO         4205    i.number_incre      temp_button_app.o
    0x0800568a   0x0800568a   0x00000076   Code   RO         3924    i.rtc_button_decre_fast  ds1307_button_app.o
    0x08005700   0x08005700   0x000000d0   Code   RO         3925    i.rtc_button_incre_fast  ds1307_button_app.o
    0x080057d0   0x080057d0   0x00000074   Code   RO         3926    i.rtc_button_slow   ds1307_button_app.o
    0x08005844   0x08005844   0x0000000c   Code   RO         4148    i.tempLcdApp_init   temp_lcd_app.o
    0x08005850   0x08005850   0x0000005c   Code   RO         4149    i.tempLcdApp_type_sensor  temp_lcd_app.o
    0x080058ac   0x080058ac   0x0000005c   Code   RO         4150    i.tempLcdApp_update_basic_tempCur  temp_lcd_app.o
    0x08005908   0x08005908   0x00000074   Code   RO         4151    i.tempLcdApp_update_edit_number_sensor  temp_lcd_app.o
    0x0800597c   0x0800597c   0x00000074   Code   RO         4152    i.tempLcdApp_update_edit_temp_set  temp_lcd_app.o
    0x080059f0   0x080059f0   0x0000008c   Code   RO         4153    i.tempLcdApp_update_tempCur  temp_lcd_app.o
    0x08005a7c   0x08005a7c   0x00000038   Code   RO         4206    i.temp_button_decre_fast  temp_button_app.o
    0x08005ab4   0x08005ab4   0x00000038   Code   RO         4207    i.temp_button_incre_fast  temp_button_app.o
    0x08005aec   0x08005aec   0x00000048   Code   RO         4208    i.temp_button_slow  temp_button_app.o
    0x08005b34   0x08005b34   0x00000014   Code   RO         3927    i.time_edit_decre   ds1307_button_app.o
    0x08005b48   0x08005b48   0x0000001c   Code   RO         3928    i.time_edit_incre   ds1307_button_app.o
    0x08005b64   0x08005b64   0x00000028   Code   RO         4375    i.uartLcdApp_edit_baudrate  uart_lcd_app.o
    0x08005b8c   0x08005b8c   0x00000024   Code   RO         4376    i.uartLcdApp_edit_update_baudrate  uart_lcd_app.o
    0x08005bb0   0x08005bb0   0x0000000c   Code   RO         4377    i.uartLcdApp_init   uart_lcd_app.o
    0x08005bbc   0x08005bbc   0x00000130   Code   RO         4378    i.uartLcdApp_update_baudrate  uart_lcd_app.o
    0x08005cec   0x08005cec   0x00000030   Code   RO         4379    i.uartLcdApp_update_data_receive  uart_lcd_app.o
    0x08005d1c   0x08005d1c   0x00000030   Code   RO         4380    i.uartLcdApp_update_data_send  uart_lcd_app.o
    0x08005d4c   0x08005d4c   0x0000008c   Code   RO         4381    i.uartLcdApp_update_state_conncet  uart_lcd_app.o
    0x08005dd8   0x08005dd8   0x00000034   Code   RO         4339    i.uart_button_decre_fast  uart_button_app.o
    0x08005e0c   0x08005e0c   0x0000003a   Code   RO         4340    i.uart_button_incre_fast  uart_button_app.o
    0x08005e46   0x08005e46   0x00000036   Code   RO         4341    i.uart_button_slow  uart_button_app.o
    0x08005e7c   0x08005e7c   0x00000014   Code   RO         4991    i.uart_init         uart.o
    0x08005e90   0x08005e90   0x00000034   Code   RO         3567    i.up_buttonApp_Fast  button_app.o
    0x08005ec4   0x08005ec4   0x00000002   Code   RO         3568    i.up_buttonApp_Keep  button_app.o
    0x08005ec6   0x08005ec6   0x00000002   Code   RO         3569    i.up_buttonApp_Long_Slow  button_app.o
    0x08005ec8   0x08005ec8   0x00000030   Code   RO         3570    i.up_buttonApp_Slow  button_app.o
    0x08005ef8   0x08005ef8   0x00000040   Code   RO         5073    i.up_button_handle_loop  button.o
    0x08005f38   0x08005f38   0x0000000c   Code   RO         5074    i.up_button_set_handle_fast  button.o
    0x08005f44   0x08005f44   0x0000000c   Code   RO         5075    i.up_button_set_handle_keep  button.o
    0x08005f50   0x08005f50   0x0000000c   Code   RO         5076    i.up_button_set_handle_long_slow  button.o
    0x08005f5c   0x08005f5c   0x0000000c   Code   RO         5077    i.up_button_set_handle_slow  button.o
    0x08005f68   0x08005f68   0x0000000c   Code   RO         5699    x$fpl$fcheck1       fz_ws.l(fcheck1.o)
    0x08005f74   0x08005f74   0x00000036   Code   RO         5677    x$fpl$ffix          fz_ws.l(ffix.o)
    0x08005faa   0x08005faa   0x00000002   PAD
    0x08005fac   0x08005fac   0x00000026   Code   RO         5681    x$fpl$ffltu         fz_ws.l(fflt_clz.o)
    0x08005fd2   0x08005fd2   0x00000002   PAD
    0x08005fd4   0x08005fd4   0x00000102   Code   RO         5687    x$fpl$fmul          fz_ws.l(fmul.o)
    0x080060d6   0x080060d6   0x0000008c   Code   RO         5701    x$fpl$fnaninf       fz_ws.l(fnaninf.o)
    0x08006162   0x08006162   0x0000000a   Code   RO         5703    x$fpl$fretinf       fz_ws.l(fretinf.o)
    0x0800616c   0x0800616c   0x00000064   Code   RO         5723    x$fpl$retnan        fz_ws.l(retnan.o)
    0x080061d0   0x080061d0   0x0000004c   Code   RO         5689    x$fpl$scalbnf       fz_ws.l(scalbnf.o)
    0x0800621c   0x0800621c   0x00000030   Code   RO         5735    x$fpl$trapveneer    fz_ws.l(trapv.o)
    0x0800624c   0x0800624c   0x00000000   Code   RO         5705    x$fpl$usenofp       fz_ws.l(usenofp.o)
    0x0800624c   0x0800624c   0x00000010   Data   RO         3382    .constdata          system_stm32f1xx.o
    0x0800625c   0x0800625c   0x00000008   Data   RO         3383    .constdata          system_stm32f1xx.o
    0x08006264   0x08006264   0x0000001c   Data   RO         4770    .constdata          ds1307.o
    0x08006280   0x08006280   0x00000020   Data   RO         5864    Region$$Table       anon$$obj.o


    Execution Region RW_IRAM1 (Exec base: 0x20000000, Load base: 0x080062a0, Size: 0x00000a50, Max: 0x00005000, ABSOLUTE, COMPRESSED[0x00000010])

    Exec Addr    Load Addr    Size         Type   Attr      Idx    E Section Name        Object

    0x20000000   COMPRESSED   0x0000000c   Data   RW          668    .data               stm32f1xx_hal.o
    0x2000000c   COMPRESSED   0x00000004   Data   RW         3384    .data               system_stm32f1xx.o
    0x20000010   COMPRESSED   0x00000020   Data   RW         3429    .data               global.o
    0x20000030   COMPRESSED   0x00000010   Data   RW         3571    .data               button_app.o
    0x20000040   COMPRESSED   0x0000000c   Data   RW         4029    .data               ds1307_lcd_app.o
    0x2000004c   COMPRESSED   0x00000008   Data   RW         4154    .data               temp_lcd_app.o
    0x20000054   COMPRESSED   0x0000000c   Data   RW         4263    .data               ee_app.o
    0x20000060   COMPRESSED   0x00000008   Data   RW         4382    .data               uart_lcd_app.o
    0x20000068   COMPRESSED   0x0000000c   Data   RW         4441    .data               alarm_app.o
    0x20000074   COMPRESSED   0x00000008   Data   RW         4544    .data               ee.o
    0x2000007c   COMPRESSED   0x00000004   Data   RW         4630    .data               lcd.o
    0x20000080   COMPRESSED   0x00000004   Data   RW         4771    .data               ds1307.o
    0x20000084   COMPRESSED   0x0000000c   Data   RW         4930    .data               ds18b20.o
    0x20000090   COMPRESSED   0x00000004   Data   RW         4992    .data               uart.o
    0x20000094   COMPRESSED   0x00000020   Data   RW         5078    .data               button.o
    0x200000b4   COMPRESSED   0x000000dc   Data   RW         5262    .data               lcd_menu.o
    0x20000190        -       0x00000188   Zero   RW           21    .bss                main.o
    0x20000318        -       0x000000d8   Zero   RW         3428    .bss                global.o
    0x200003f0        -       0x00000060   Zero   RW         5738    .bss                c_w.l(libspace.o)
    0x20000450        -       0x00000200   Zero   RW            2    HEAP                startup_stm32f103xb.o
    0x20000650        -       0x00000400   Zero   RW            1    STACK               startup_stm32f103xb.o


==============================================================================

Image component sizes


      Code (inc. data)   RO Data    RW Data    ZI Data      Debug   Object Name

       176         20          0         12          0       2999   alarm_app.o
       508         60          0         32          0      12082   button.o
       258         48          0         16          0       5483   button_app.o
        90          0          0          0          0       3324   buzzer.o
        42          0          0          0          0       1026   buzzer_led_app.o
       526         14         28          4          0      14538   ds1307.o
      1018          0          0          0          0      10026   ds1307_button_app.o
      1544        224          0         12          0      14197   ds1307_lcd_app.o
       518         18          0         12          0       6546   ds18b20.o
       228         20          0          8          0       3655   ee.o
       706         38          0         12          0       7107   ee_app.o
       746        108          0         32        216      16698   global.o
        12          0          0          0          0       1955   gpio_stm32.o
       366         12          0          4          0       4354   lcd.o
      1628        416          0        220          0      41161   lcd_menu.o
      3502       2140          0          0          0      21645   lcd_menu_app.o
        22          0          0          0          0       1960   led.o
       772         60          0          0        392     453743   main.o
        64         26        236          0       1536        820   startup_stm32f103xb.o
       164         28          0         12          0       5985   stm32f1xx_hal.o
       622         24          0          0          0       3344   stm32f1xx_hal_adc.o
       198         14          0          0          0      29007   stm32f1xx_hal_cortex.o
       516         34          0          0          0       4180   stm32f1xx_hal_gpio.o
      3898        104          0          0          0      18977   stm32f1xx_hal_i2c.o
       480         60          0          0          0       3744   stm32f1xx_hal_msp.o
      1272        100          0          0          0       5260   stm32f1xx_hal_rcc.o
       236         12          0          0          0       1404   stm32f1xx_hal_rcc_ex.o
      1052         40          0          0          0      10482   stm32f1xx_hal_tim.o
       108         12          0          0          0       2417   stm32f1xx_hal_tim_ex.o
       656          6          0          0          0       5390   stm32f1xx_hal_uart.o
        32          6          0          0          0       4423   stm32f1xx_it.o
         2          0         24          4          0       1151   system_stm32f1xx.o
       214          0          0          0          0       3329   temp_button_app.o
       568        118          0          8          0       5038   temp_lcd_app.o
        20          6          0          4          0       2040   uart.o
       164          0          0          0          0       2445   uart_button_app.o
       628        116          0          8          0       5477   uart_lcd_app.o

    ----------------------------------------------------------------------
     23596       3884        320        400       2144     737412   Object Totals
         0          0         32          0          0          0   (incl. Generated)
        40          0          0          0          0          0   (incl. Padding)

    ----------------------------------------------------------------------

      Code (inc. data)   RO Data    RW Data    ZI Data      Debug   Library Member Name

        90          0          0          0          0          0   __dczerorl2.o
         8          0          0          0          0         68   __main.o
         0          0          0          0          0          0   __rtentry.o
        12          0          0          0          0          0   __rtentry2.o
         6          0          0          0          0          0   __rtentry4.o
        52          8          0          0          0          0   __scatter.o
        28          0          0          0          0          0   __scatter_zi.o
        18          0          0          0          0         80   exit.o
         6          0          0          0          0        152   heapauxi.o
         0          0          0          0          0          0   indicate_semi.o
         2          0          0          0          0          0   libinit.o
         2          0          0          0          0          0   libinit2.o
         2          0          0          0          0          0   libshutdown.o
         2          0          0          0          0          0   libshutdown2.o
         8          4          0          0         96         68   libspace.o
        78          0          0          0          0         80   rt_memclr_w.o
       100          0          0          0          0         80   rt_memcpy_w.o
         2          0          0          0          0          0   rtexit.o
        10          0          0          0          0          0   rtexit2.o
        72          0          0          0          0         80   strcpy.o
        12          4          0          0          0         68   sys_exit.o
        74          0          0          0          0         80   sys_stackheap_outer.o
         2          0          0          0          0         68   use_no_semi.o
        12          4          0          0          0         68   fcheck1.o
        54          4          0          0          0         84   ffix.o
        38          0          0          0          0         68   fflt_clz.o
       258          4          0          0          0         84   fmul.o
       140          4          0          0          0         84   fnaninf.o
        10          0          0          0          0         68   fretinf.o
       100          0          0          0          0         68   retnan.o
        76          0          0          0          0         68   scalbnf.o
        48          0          0          0          0         68   trapv.o
         0          0          0          0          0          0   usenofp.o

    ----------------------------------------------------------------------
      1332         32          0          0         96       1484   Library Totals
        10          0          0          0          0          0   (incl. Padding)

    ----------------------------------------------------------------------

      Code (inc. data)   RO Data    RW Data    ZI Data      Debug   Library Name

       586         16          0          0         96        824   c_w.l
       736         16          0          0          0        660   fz_ws.l

    ----------------------------------------------------------------------
      1332         32          0          0         96       1484   Library Totals

    ----------------------------------------------------------------------

==============================================================================


      Code (inc. data)   RO Data    RW Data    ZI Data      Debug   

     24928       3916        320        400       2240     720276   Grand Totals
     24928       3916        320         16       2240     720276   ELF Image Totals (compressed)
     24928       3916        320         16          0          0   ROM Totals

==============================================================================

    Total RO  Size (Code + RO Data)                25248 (  24.66kB)
    Total RW  Size (RW Data + ZI Data)              2640 (   2.58kB)
    Total ROM Size (Code + RO Data + RW Data)      25264 (  24.67kB)

==============================================================================

